Archive member included to satisfy reference by file (symbol)

e:/armgnu/10 2021.10/bin/../lib/gcc/arm-none-eabi/10.3.1/../../../../arm-none-eabi/lib/thumb/v7e-m+fp/hard\libstdc++.a(atexit_arm.o)
                              CMakeFiles/F411Oscilloscope.elf.dir/Mixplus/Src/mixplus.cpp.obj (__aeabi_atexit)
e:/armgnu/10 2021.10/bin/../lib/gcc/arm-none-eabi/10.3.1/../../../../arm-none-eabi/lib/thumb/v7e-m+fp/hard\libstdc++.a(new_opv.o)
                              CMakeFiles/F411Oscilloscope.elf.dir/Mixplus/Src/mixplus.cpp.obj (operator new[](unsigned int))
e:/armgnu/10 2021.10/bin/../lib/gcc/arm-none-eabi/10.3.1/../../../../arm-none-eabi/lib/thumb/v7e-m+fp/hard\libstdc++.a(new_op.o)
                              e:/armgnu/10 2021.10/bin/../lib/gcc/arm-none-eabi/10.3.1/../../../../arm-none-eabi/lib/thumb/v7e-m+fp/hard\libstdc++.a(new_opv.o) (operator new(unsigned int))
e:/armgnu/10 2021.10/bin/../lib/gcc/arm-none-eabi/10.3.1/../../../../arm-none-eabi/lib/thumb/v7e-m+fp/hard\libstdc++.a(bad_alloc.o)
                              e:/armgnu/10 2021.10/bin/../lib/gcc/arm-none-eabi/10.3.1/../../../../arm-none-eabi/lib/thumb/v7e-m+fp/hard\libstdc++.a(new_op.o) (std::bad_alloc::~bad_alloc())
e:/armgnu/10 2021.10/bin/../lib/gcc/arm-none-eabi/10.3.1/../../../../arm-none-eabi/lib/thumb/v7e-m+fp/hard\libstdc++.a(del_ops.o)
                              e:/armgnu/10 2021.10/bin/../lib/gcc/arm-none-eabi/10.3.1/../../../../arm-none-eabi/lib/thumb/v7e-m+fp/hard\libstdc++.a(bad_alloc.o) (operator delete(void*, unsigned int))
e:/armgnu/10 2021.10/bin/../lib/gcc/arm-none-eabi/10.3.1/../../../../arm-none-eabi/lib/thumb/v7e-m+fp/hard\libstdc++.a(eh_alloc.o)
                              e:/armgnu/10 2021.10/bin/../lib/gcc/arm-none-eabi/10.3.1/../../../../arm-none-eabi/lib/thumb/v7e-m+fp/hard\libstdc++.a(new_op.o) (__cxa_allocate_exception)
e:/armgnu/10 2021.10/bin/../lib/gcc/arm-none-eabi/10.3.1/../../../../arm-none-eabi/lib/thumb/v7e-m+fp/hard\libstdc++.a(eh_exception.o)
                              e:/armgnu/10 2021.10/bin/../lib/gcc/arm-none-eabi/10.3.1/../../../../arm-none-eabi/lib/thumb/v7e-m+fp/hard\libstdc++.a(bad_alloc.o) (std::exception::~exception())
e:/armgnu/10 2021.10/bin/../lib/gcc/arm-none-eabi/10.3.1/../../../../arm-none-eabi/lib/thumb/v7e-m+fp/hard\libstdc++.a(eh_terminate.o)
                              e:/armgnu/10 2021.10/bin/../lib/gcc/arm-none-eabi/10.3.1/../../../../arm-none-eabi/lib/thumb/v7e-m+fp/hard\libstdc++.a(eh_alloc.o) (std::terminate())
e:/armgnu/10 2021.10/bin/../lib/gcc/arm-none-eabi/10.3.1/../../../../arm-none-eabi/lib/thumb/v7e-m+fp/hard\libstdc++.a(eh_throw.o)
                              e:/armgnu/10 2021.10/bin/../lib/gcc/arm-none-eabi/10.3.1/../../../../arm-none-eabi/lib/thumb/v7e-m+fp/hard\libstdc++.a(new_op.o) (__cxa_throw)
e:/armgnu/10 2021.10/bin/../lib/gcc/arm-none-eabi/10.3.1/../../../../arm-none-eabi/lib/thumb/v7e-m+fp/hard\libstdc++.a(eh_unex_handler.o)
                              e:/armgnu/10 2021.10/bin/../lib/gcc/arm-none-eabi/10.3.1/../../../../arm-none-eabi/lib/thumb/v7e-m+fp/hard\libstdc++.a(eh_terminate.o) (__cxxabiv1::__unexpected_handler)
e:/armgnu/10 2021.10/bin/../lib/gcc/arm-none-eabi/10.3.1/../../../../arm-none-eabi/lib/thumb/v7e-m+fp/hard\libstdc++.a(new_handler.o)
                              e:/armgnu/10 2021.10/bin/../lib/gcc/arm-none-eabi/10.3.1/../../../../arm-none-eabi/lib/thumb/v7e-m+fp/hard\libstdc++.a(new_op.o) (std::get_new_handler())
e:/armgnu/10 2021.10/bin/../lib/gcc/arm-none-eabi/10.3.1/../../../../arm-none-eabi/lib/thumb/v7e-m+fp/hard\libstdc++.a(pure.o)
                              e:/armgnu/10 2021.10/bin/../lib/gcc/arm-none-eabi/10.3.1/../../../../arm-none-eabi/lib/thumb/v7e-m+fp/hard\libstdc++.a(eh_exception.o) (__cxa_pure_virtual)
e:/armgnu/10 2021.10/bin/../lib/gcc/arm-none-eabi/10.3.1/../../../../arm-none-eabi/lib/thumb/v7e-m+fp/hard\libstdc++.a(si_class_type_info.o)
                              e:/armgnu/10 2021.10/bin/../lib/gcc/arm-none-eabi/10.3.1/../../../../arm-none-eabi/lib/thumb/v7e-m+fp/hard\libstdc++.a(bad_alloc.o) (vtable for __cxxabiv1::__si_class_type_info)
e:/armgnu/10 2021.10/bin/../lib/gcc/arm-none-eabi/10.3.1/../../../../arm-none-eabi/lib/thumb/v7e-m+fp/hard\libstdc++.a(tinfo.o)
                              e:/armgnu/10 2021.10/bin/../lib/gcc/arm-none-eabi/10.3.1/../../../../arm-none-eabi/lib/thumb/v7e-m+fp/hard\libstdc++.a(si_class_type_info.o) (std::type_info::__is_pointer_p() const)
e:/armgnu/10 2021.10/bin/../lib/gcc/arm-none-eabi/10.3.1/../../../../arm-none-eabi/lib/thumb/v7e-m+fp/hard\libstdc++.a(vterminate.o)
                              e:/armgnu/10 2021.10/bin/../lib/gcc/arm-none-eabi/10.3.1/../../../../arm-none-eabi/lib/thumb/v7e-m+fp/hard\libstdc++.a(eh_terminate.o) (__gnu_cxx::__verbose_terminate_handler())
e:/armgnu/10 2021.10/bin/../lib/gcc/arm-none-eabi/10.3.1/../../../../arm-none-eabi/lib/thumb/v7e-m+fp/hard\libstdc++.a(class_type_info.o)
[...]
Memory Configuration

Name             Origin             Length             Attributes
RAM              0x20000000         0x00020000         xrw
FLASH            0x08000000         0x00080000         xr
*default*        0x00000000         0xffffffff

Linker script and memory map

LOAD e:/armgnu/10 2021.10/bin/../lib/gcc/arm-none-eabi/10.3.1/thumb/v7e-m+fp/hard/crti.o
LOAD e:/armgnu/10 2021.10/bin/../lib/gcc/arm-none-eabi/10.3.1/thumb/v7e-m+fp/hard/crtbegin.o
LOAD e:/armgnu/10 2021.10/bin/../lib/gcc/arm-none-eabi/10.3.1/../../../../arm-none-eabi/lib/thumb/v7e-m+fp/hard/crt0.o
LOAD CMakeFiles/F411Oscilloscope.elf.dir/Core/Src/adc.c.obj
LOAD CMakeFiles/F411Oscilloscope.elf.dir/Core/Src/dma.c.obj
LOAD CMakeFiles/F411Oscilloscope.elf.dir/Core/Src/gpio.c.obj
LOAD CMakeFiles/F411Oscilloscope.elf.dir/Core/Src/main.c.obj
LOAD CMakeFiles/F411Oscilloscope.elf.dir/Core/Src/spi.c.obj
LOAD CMakeFiles/F411Oscilloscope.elf.dir/Core/Src/stm32f4xx_hal_msp.c.obj
LOAD CMakeFiles/F411Oscilloscope.elf.dir/Core/Src/stm32f4xx_it.c.obj
LOAD CMakeFiles/F411Oscilloscope.elf.dir/Core/Src/syscalls.c.obj
LOAD CMakeFiles/F411Oscilloscope.elf.dir/Core/Src/sysmem.c.obj
LOAD CMakeFiles/F411Oscilloscope.elf.dir/Core/Src/system_stm32f4xx.c.obj
LOAD CMakeFiles/F411Oscilloscope.elf.dir/Core/Src/tim.c.obj
LOAD CMakeFiles/F411Oscilloscope.elf.dir/Core/Src/usart.c.obj
LOAD CMakeFiles/F411Oscilloscope.elf.dir/Core/Startup/startup_stm32f411ceux.s.obj
LOAD CMakeFiles/F411Oscilloscope.elf.dir/Drivers/STM32F4xx_HAL_Driver/Src/stm32f4xx_hal.c.obj
LOAD CMakeFiles/F411Oscilloscope.elf.dir/Drivers/STM32F4xx_HAL_Driver/Src/stm32f4xx_hal_adc.c.obj
LOAD CMakeFiles/F411Oscilloscope.elf.dir/Drivers/STM32F4xx_HAL_Driver/Src/stm32f4xx_hal_adc_ex.c.obj
LOAD CMakeFiles/F411Oscilloscope.elf.dir/Drivers/STM32F4xx_HAL_Driver/Src/stm32f4xx_hal_cortex.c.obj
LOAD CMakeFiles/F411Oscilloscope.elf.dir/Drivers/STM32F4xx_HAL_Driver/Src/stm32f4xx_hal_dma.c.obj
LOAD CMakeFiles/F411Oscilloscope.elf.dir/Drivers/STM32F4xx_HAL_Driver/Src/stm32f4xx_hal_dma_ex.c.obj
LOAD CMakeFiles/F411Oscilloscope.elf.dir/Drivers/STM32F4xx_HAL_Driver/Src/stm32f4xx_hal_exti.c.obj
LOAD CMakeFiles/F411Oscilloscope.elf.dir/Drivers/STM32F4xx_HAL_Driver/Src/stm32f4xx_hal_flash.c.obj
LOAD CMakeFiles/F411Oscilloscope.elf.dir/Drivers/STM32F4xx_HAL_Driver/Src/stm32f4xx_hal_flash_ex.c.obj
LOAD CMakeFiles/F411Oscilloscope.elf.dir/Drivers/STM32F4xx_HAL_Driver/Src/stm32f4xx_hal_flash_ramfunc.c.obj
LOAD CMakeFiles/F411Oscilloscope.elf.dir/Drivers/STM32F4xx_HAL_Driver/Src/stm32f4xx_hal_gpio.c.obj
LOAD CMakeFiles/F411Oscilloscope.elf.dir/Drivers/STM32F4xx_HAL_Driver/Src/stm32f4xx_hal_pcd.c.obj
LOAD CMakeFiles/F411Oscilloscope.elf.dir/Drivers/STM32F4xx_HAL_Driver/Src/stm32f4xx_hal_pcd_ex.c.obj
LOAD CMakeFiles/F411Oscilloscope.elf.dir/Drivers/STM32F4xx_HAL_Driver/Src/stm32f4xx_hal_pwr.c.obj
LOAD CMakeFiles/F411Oscilloscope.elf.dir/Drivers/STM32F4xx_HAL_Driver/Src/stm32f4xx_hal_pwr_ex.c.obj
LOAD CMakeFiles/F411Oscilloscope.elf.dir/Drivers/STM32F4xx_HAL_Driver/Src/stm32f4xx_hal_rcc.c.obj
LOAD CMakeFiles/F411Oscilloscope.elf.dir/Drivers/STM32F4xx_HAL_Driver/Src/stm32f4xx_hal_rcc_ex.c.obj
LOAD CMakeFiles/F411Oscilloscope.elf.dir/Drivers/STM32F4xx_HAL_Driver/Src/stm32f4xx_hal_spi.c.obj
LOAD CMakeFiles/F411Oscilloscope.elf.dir/Drivers/STM32F4xx_HAL_Driver/Src/stm32f4xx_hal_tim.c.obj
LOAD CMakeFiles/F411Oscilloscope.elf.dir/Drivers/STM32F4xx_HAL_Driver/Src/stm32f4xx_hal_tim_ex.c.obj
LOAD CMakeFiles/F411Oscilloscope.elf.dir/Drivers/STM32F4xx_HAL_Driver/Src/stm32f4xx_hal_uart.c.obj
LOAD CMakeFiles/F411Oscilloscope.elf.dir/Drivers/STM32F4xx_HAL_Driver/Src/stm32f4xx_ll_adc.c.obj
LOAD CMakeFiles/F411Oscilloscope.elf.dir/Drivers/STM32F4xx_HAL_Driver/Src/stm32f4xx_ll_usb.c.obj
LOAD CMakeFiles/F411Oscilloscope.elf.dir/Middlewares/ST/STM32_USB_Device_Library/Class/CDC/Src/usbd_cdc.c.obj
LOAD CMakeFiles/F411Oscilloscope.elf.dir/Middlewares/ST/STM32_USB_Device_Library/Core/Src/usbd_core.c.obj
LOAD CMakeFiles/F411Oscilloscope.elf.dir/Middlewares/ST/STM32_USB_Device_Library/Core/Src/usbd_ctlreq.c.obj
LOAD CMakeFiles/F411Oscilloscope.elf.dir/Middlewares/ST/STM32_USB_Device_Library/Core/Src/usbd_ioreq.c.obj
LOAD CMakeFiles/F411Oscilloscope.elf.dir/Mixplus/Src/GFX_FUNCTIONS.c.obj
LOAD CMakeFiles/F411Oscilloscope.elf.dir/Mixplus/Src/ST7735.c.obj
LOAD CMakeFiles/F411Oscilloscope.elf.dir/Mixplus/Src/fonts.c.obj
LOAD CMakeFiles/F411Oscilloscope.elf.dir/Mixplus/Src/mixplus.cpp.obj
LOAD CMakeFiles/F411Oscilloscope.elf.dir/USB_DEVICE/App/usb_device.c.obj
LOAD CMakeFiles/F411Oscilloscope.elf.dir/USB_DEVICE/App/usbd_cdc_if.c.obj
LOAD CMakeFiles/F411Oscilloscope.elf.dir/USB_DEVICE/App/usbd_desc.c.obj
LOAD CMakeFiles/F411Oscilloscope.elf.dir/USB_DEVICE/Target/usbd_conf.c.obj
LOAD e:/armgnu/10 2021.10/bin/../lib/gcc/arm-none-eabi/10.3.1/../../../../arm-none-eabi/lib/thumb/v7e-m+fp/hard\libstdc++.a
LOAD e:/armgnu/10 2021.10/bin/../lib/gcc/arm-none-eabi/10.3.1/../../../../arm-none-eabi/lib/thumb/v7e-m+fp/hard\libm.a
START GROUP
LOAD e:/armgnu/10 2021.10/bin/../lib/gcc/arm-none-eabi/10.3.1/thumb/v7e-m+fp/hard\libgcc.a
LOAD e:/armgnu/10 2021.10/bin/../lib/gcc/arm-none-eabi/10.3.1/../../../../arm-none-eabi/lib/thumb/v7e-m+fp/hard\libg.a
LOAD e:/armgnu/10 2021.10/bin/../lib/gcc/arm-none-eabi/10.3.1/../../../../arm-none-eabi/lib/thumb/v7e-m+fp/hard\libc.a
END GROUP
LOAD e:/armgnu/10 2021.10/bin/../lib/gcc/arm-none-eabi/10.3.1/thumb/v7e-m+fp/hard/crtend.o
LOAD e:/armgnu/10 2021.10/bin/../lib/gcc/arm-none-eabi/10.3.1/thumb/v7e-m+fp/hard/crtn.o
                0x20020000                _estack = (ORIGIN (RAM) + LENGTH (RAM))
                0x00001000                _Min_Heap_Size = 0x1000
                0x00002000                _Min_Stack_Size = 0x2000

.isr_vector     0x08000000      0x198
                0x08000000                . = ALIGN (0x4)
 *(.isr_vector)
 .isr_vector    0x08000000      0x198 CMakeFiles/F411Oscilloscope.elf.dir/Core/Startup/startup_stm32f411ceux.s.obj
                0x08000000                g_pfnVectors
                0x08000198                . = ALIGN (0x4)

.text           0x080001c0    0x14c40
                0x080001c0                . = ALIGN (0x4)
 *(.text)
 .text          0x080001c0       0x40 e:/armgnu/10 2021.10/bin/../lib/gcc/arm-none-eabi/10.3.1/thumb/v7e-m+fp/hard/crtbegin.o
 .text          0x08000200     0x5ee4 e:/armgnu/10 2021.10/bin/../lib/gcc/arm-none-eabi/10.3.1/../../../../arm-none-eabi/lib/thumb/v7e-m+fp/hard\libstdc++.a(cp-demangle.o)
                0x08005ffc                __cxa_demangle
                0x080060c0                __gcclibcxx_demangle_callback
 .text          0x080060e4       0x30 e:/armgnu/10 2021.10/bin/../lib/gcc/arm-none-eabi/10.3.1/thumb/v7e-m+fp/hard\libgcc.a(_aeabi_uldivmod.o)
                0x080060e4                __aeabi_uldivmod
 .text          0x08006114      0x2d0 e:/armgnu/10 2021.10/bin/../lib/gcc/arm-none-eabi/10.3.1/thumb/v7e-m+fp/hard\libgcc.a(_udivmoddi4.o)
                0x08006114                __udivmoddi4
 .text          0x080063e4      0x9d8 e:/armgnu/10 2021.10/bin/../lib/gcc/arm-none-eabi/10.3.1/thumb/v7e-m+fp/hard\libgcc.a(unwind-arm.o)
                0x0800668c                _Unwind_GetCFA
                0x08006690                __gnu_Unwind_RaiseException
                0x080066f8                __gnu_Unwind_ForcedUnwind
                0x08006708                __gnu_Unwind_Resume
                0x0800674c                __gnu_Unwind_Resume_or_Rethrow
                0x0800675c                _Unwind_Complete
                0x08006760                _Unwind_DeleteException
                0x0800676c                _Unwind_VRS_Get
                0x080067b8                _Unwind_VRS_Set
                0x08006800                __gnu_Unwind_Backtrace
                0x08006b2c                __aeabi_unwind_cpp_pr0
                0x08006b30                __aeabi_unwind_cpp_pr1
                0x08006b34                __aeabi_unwind_cpp_pr2
                0x08006b38                _Unwind_VRS_Pop
 .text          0x08006dbc      0x1ac e:/armgnu/10 2021.10/bin/../lib/gcc/arm-none-eabi/10.3.1/thumb/v7e-m+fp/hard\libgcc.a(libunwind.o)
                0x08006dbc                __restore_core_regs
                0x08006dbc                restore_core_regs
                0x08006dd4                __gnu_Unwind_Restore_VFP
                0x08006ddc                __gnu_Unwind_Save_VFP
                0x08006de4                __gnu_Unwind_Restore_VFP_D
                0x08006dec                __gnu_Unwind_Save_VFP_D
                0x08006df4                __gnu_Unwind_Restore_VFP_D_16_to_31
                0x08006dfc                __gnu_Unwind_Save_VFP_D_16_to_31
                0x08006e04                __gnu_Unwind_Restore_WMMXD
                0x08006e48                __gnu_Unwind_Save_WMMXD
                0x08006e8c                __gnu_Unwind_Restore_WMMXC
                0x08006ea0                __gnu_Unwind_Save_WMMXC
                0x08006eb4                ___Unwind_RaiseException
                0x08006eb4                _Unwind_RaiseException
                0x08006ed8                _Unwind_Resume
                0x08006ed8                ___Unwind_Resume
                0x08006efc                _Unwind_Resume_or_Rethrow
                0x08006efc                ___Unwind_Resume_or_Rethrow
                0x08006f20                _Unwind_ForcedUnwind
                0x08006f20                ___Unwind_ForcedUnwind
                0x08006f44                ___Unwind_Backtrace
                0x08006f44                _Unwind_Backtrace
 .text          0x08006f68      0x350 e:/armgnu/10 2021.10/bin/../lib/gcc/arm-none-eabi/10.3.1/thumb/v7e-m+fp/hard\libgcc.a(pr-support.o)
                0x08006fc0                __gnu_unwind_execute
                0x0800726c                __gnu_unwind_frame
                0x08007298                _Unwind_GetRegionStart
                0x080072a4                _Unwind_GetLanguageSpecificData
 .text          0x080072b8        0x4 e:/armgnu/10 2021.10/bin/../lib/gcc/arm-none-eabi/10.3.1/thumb/v7e-m+fp/hard\libgcc.a(_dvmd_tls.o)
                0x080072b8                __aeabi_idiv0
                0x080072b8                __aeabi_ldiv0
 *fill*         0x080072bc        0x4 
 .text          0x080072c0       0xa0 e:/armgnu/10 2021.10/bin/../lib/gcc/arm-none-eabi/10.3.1/../../../../arm-none-eabi/lib/thumb/v7e-m+fp/hard\libg.a(lib_a-memchr.o)
                0x080072c0                memchr
 .text          0x08007360      0x134 e:/armgnu/10 2021.10/bin/../lib/gcc/arm-none-eabi/10.3.1/../../../../arm-none-eabi/lib/thumb/v7e-m+fp/hard\libg.a(lib_a-memcpy.o)
                0x08007360                memcpy
 *fill*         0x08007494        0xc 
 .text          0x080074a0      0x2dc e:/armgnu/10 2021.10/bin/../lib/gcc/arm-none-eabi/10.3.1/../../../../arm-none-eabi/lib/thumb/v7e-m+fp/hard\libg.a(lib_a-strcmp.o)
                0x080074a8                strcmp
 *fill*         0x0800777c        0x4 
 .text          0x08007780       0xdc e:/armgnu/10 2021.10/bin/../lib/gcc/arm-none-eabi/10.3.1/../../../../arm-none-eabi/lib/thumb/v7e-m+fp/hard\libg.a(lib_a-strlen.o)
                0x08007780                strlen
 .text          0x0800785c      0x378 e:/armgnu/10 2021.10/bin/../lib/gcc/arm-none-eabi/10.3.1/thumb/v7e-m+fp/hard\libgcc.a(_arm_addsubdf3.o)
                0x0800785c                __aeabi_drsub
                0x08007864                __aeabi_dsub
                0x08007864                __subdf3
                0x08007868                __aeabi_dadd
                0x08007868                __adddf3
                0x08007ae0                __floatunsidf
                0x08007ae0                __aeabi_ui2d
                0x08007b00                __floatsidf
                0x08007b00                __aeabi_i2d
                0x08007b24                __aeabi_f2d
                0x08007b24                __extendsfdf2
                0x08007b68                __floatundidf
                0x08007b68                __aeabi_ul2d
                0x08007b78                __floatdidf
                0x08007b78                __aeabi_l2d
 .text          0x08007bd4      0x424 e:/armgnu/10 2021.10/bin/../lib/gcc/arm-none-eabi/10.3.1/thumb/v7e-m+fp/hard\libgcc.a(_arm_muldivdf3.o)
                0x08007bd4                __aeabi_dmul
                0x08007bd4                __muldf3
                0x08007e28                __divdf3
                0x08007e28                __aeabi_ddiv
 .text          0x08007ff8      0x110 e:/armgnu/10 2021.10/bin/../lib/gcc/arm-none-eabi/10.3.1/thumb/v7e-m+fp/hard\libgcc.a(_arm_cmpdf2.o)
                0x08007ff8                __gtdf2
                0x08007ff8                __gedf2
                0x08008000                __ltdf2
                0x08008000                __ledf2
                0x08008008                __nedf2
                0x08008008                __eqdf2
                0x08008008                __cmpdf2
                0x08008084                __aeabi_cdrcmple
                0x08008094                __aeabi_cdcmpeq
                0x08008094                __aeabi_cdcmple
                0x080080a4                __aeabi_dcmpeq
                0x080080b8                __aeabi_dcmplt
                0x080080cc                __aeabi_dcmple
                0x080080e0                __aeabi_dcmpge
                0x080080f4                __aeabi_dcmpgt
 .text          0x08008108       0x2c e:/armgnu/10 2021.10/bin/../lib/gcc/arm-none-eabi/10.3.1/thumb/v7e-m+fp/hard\libgcc.a(_arm_unorddf2.o)
                0x08008108                __unorddf2
                0x08008108                __aeabi_dcmpun
 .text          0x08008134       0x50 e:/armgnu/10 2021.10/bin/../lib/gcc/arm-none-eabi/10.3.1/thumb/v7e-m+fp/hard\libgcc.a(_arm_fixdfsi.o)
                0x08008134                __aeabi_d2iz
                0x08008134                __fixdfsi
 *(.text*)
 .text.MX_ADC1_Init
                0x08008184       0x70 CMakeFiles/F411Oscilloscope.elf.dir/Core/Src/adc.c.obj
                0x08008184                MX_ADC1_Init
 .text.HAL_ADC_MspInit
                0x080081f4       0xac CMakeFiles/F411Oscilloscope.elf.dir/Core/Src/adc.c.obj
                0x080081f4                HAL_ADC_MspInit
 .text.MX_DMA_Init
                0x080082a0       0x34 CMakeFiles/F411Oscilloscope.elf.dir/Core/Src/dma.c.obj
                0x080082a0                MX_DMA_Init
 .text.MX_GPIO_Init
                0x080082d4       0xb8 CMakeFiles/F411Oscilloscope.elf.dir/Core/Src/gpio.c.obj
                0x080082d4                MX_GPIO_Init
 .text.Error_Handler
                0x0800838c        0x4 CMakeFiles/F411Oscilloscope.elf.dir/Core/Src/main.c.obj
                0x0800838c                Error_Handler
 .text.SystemClock_Config
                0x08008390       0xa4 CMakeFiles/F411Oscilloscope.elf.dir/Core/Src/main.c.obj
                0x08008390                SystemClock_Config
 .text.main     0x08008434       0x30 CMakeFiles/F411Oscilloscope.elf.dir/Core/Src/main.c.obj
                0x08008434                main
 .text.MX_SPI1_Init
                0x08008464       0x44 CMakeFiles/F411Oscilloscope.elf.dir/Core/Src/spi.c.obj
                0x08008464                MX_SPI1_Init
 .text.HAL_SPI_MspInit
                0x080084a8       0x70 CMakeFiles/F411Oscilloscope.elf.dir/Core/Src/spi.c.obj
                0x080084a8                HAL_SPI_MspInit
 .text.HAL_MspInit
                0x08008518       0x58 CMakeFiles/F411Oscilloscope.elf.dir/Core/Src/stm32f4xx_hal_msp.c.obj
                0x08008518                HAL_MspInit
 .text.NMI_Handler
                0x08008570        0x2 CMakeFiles/F411Oscilloscope.elf.dir/Core/Src/stm32f4xx_it.c.obj
                0x08008570                NMI_Handler
 .text.HardFault_Handler
                0x08008572        0x2 CMakeFiles/F411Oscilloscope.elf.dir/Core/Src/stm32f4xx_it.c.obj
                0x08008572                HardFault_Handler
 .text.MemManage_Handler
                0x08008574        0x2 CMakeFiles/F411Oscilloscope.elf.dir/Core/Src/stm32f4xx_it.c.obj
                0x08008574                MemManage_Handler
 .text.BusFault_Handler
                0x08008576        0x2 CMakeFiles/F411Oscilloscope.elf.dir/Core/Src/stm32f4xx_it.c.obj
                0x08008576                BusFault_Handler
 .text.UsageFault_Handler
                0x08008578        0x2 CMakeFiles/F411Oscilloscope.elf.dir/Core/Src/stm32f4xx_it.c.obj
                0x08008578                UsageFault_Handler
 .text.SVC_Handler
                0x0800857a        0x2 CMakeFiles/F411Oscilloscope.elf.dir/Core/Src/stm32f4xx_it.c.obj
                0x0800857a                SVC_Handler
 .text.DebugMon_Handler
                0x0800857c        0x2 CMakeFiles/F411Oscilloscope.elf.dir/Core/Src/stm32f4xx_it.c.obj
                0x0800857c                DebugMon_Handler
 .text.PendSV_Handler
                0x0800857e        0x2 CMakeFiles/F411Oscilloscope.elf.dir/Core/Src/stm32f4xx_it.c.obj
                0x0800857e                PendSV_Handler
 .text.SysTick_Handler
                0x08008580        0x8 CMakeFiles/F411Oscilloscope.elf.dir/Core/Src/stm32f4xx_it.c.obj
                0x08008580                SysTick_Handler
 .text.RCC_IRQHandler
                0x08008588        0x2 CMakeFiles/F411Oscilloscope.elf.dir/Core/Src/stm32f4xx_it.c.obj
                0x08008588                RCC_IRQHandler
 .text.EXTI0_IRQHandler
                0x0800858a        0xa CMakeFiles/F411Oscilloscope.elf.dir/Core/Src/stm32f4xx_it.c.obj
                0x0800858a                EXTI0_IRQHandler
 .text.TIM1_BRK_TIM9_IRQHandler
                0x08008594       0x10 CMakeFiles/F411Oscilloscope.elf.dir/Core/Src/stm32f4xx_it.c.obj
                0x08008594                TIM1_BRK_TIM9_IRQHandler
 .text.DMA2_Stream0_IRQHandler
                0x080085a4       0x10 CMakeFiles/F411Oscilloscope.elf.dir/Core/Src/stm32f4xx_it.c.obj
                0x080085a4                DMA2_Stream0_IRQHandler
 .text.OTG_FS_IRQHandler
                0x080085b4       0x10 CMakeFiles/F411Oscilloscope.elf.dir/Core/Src/stm32f4xx_it.c.obj
                0x080085b4                OTG_FS_IRQHandler
 .text.FPU_IRQHandler
                0x080085c4        0x2 CMakeFiles/F411Oscilloscope.elf.dir/Core/Src/stm32f4xx_it.c.obj
                0x080085c4                FPU_IRQHandler
 .text._getpid  0x080085c6        0x4 CMakeFiles/F411Oscilloscope.elf.dir/Core/Src/syscalls.c.obj
                0x080085c6                _getpid
 .text._kill    0x080085ca       0x10 CMakeFiles/F411Oscilloscope.elf.dir/Core/Src/syscalls.c.obj
                0x080085ca                _kill
 .text._exit    0x080085da        0xc CMakeFiles/F411Oscilloscope.elf.dir/Core/Src/syscalls.c.obj
                0x080085da                _exit
 .text._read    0x080085e6       0x20 CMakeFiles/F411Oscilloscope.elf.dir/Core/Src/syscalls.c.obj
                0x080085e6                _read
 .text._write   0x08008606       0x1c CMakeFiles/F411Oscilloscope.elf.dir/Core/Src/syscalls.c.obj
                0x08008606                _write
 .text._close   0x08008622        0x6 CMakeFiles/F411Oscilloscope.elf.dir/Core/Src/syscalls.c.obj
                0x08008622                _close
 .text._fstat   0x08008628        0xa CMakeFiles/F411Oscilloscope.elf.dir/Core/Src/syscalls.c.obj
                0x08008628                _fstat
 .text._isatty  0x08008632        0x4 CMakeFiles/F411Oscilloscope.elf.dir/Core/Src/syscalls.c.obj
                0x08008632                _isatty
 .text._lseek   0x08008636        0x4 CMakeFiles/F411Oscilloscope.elf.dir/Core/Src/syscalls.c.obj
                0x08008636                _lseek
 *fill*         0x0800863a        0x2 
 .text._sbrk    0x0800863c       0x48 CMakeFiles/F411Oscilloscope.elf.dir/Core/Src/sysmem.c.obj
                0x0800863c                _sbrk
 .text.SystemInit
                0x08008684       0x14 CMakeFiles/F411Oscilloscope.elf.dir/Core/Src/system_stm32f4xx.c.obj
                0x08008684                SystemInit
 .text.MX_TIM9_Init
                0x08008698       0x58 CMakeFiles/F411Oscilloscope.elf.dir/Core/Src/tim.c.obj
                0x08008698                MX_TIM9_Init
 .text.HAL_TIM_Base_MspInit
                0x080086f0       0x40 CMakeFiles/F411Oscilloscope.elf.dir/Core/Src/tim.c.obj
                0x080086f0                HAL_TIM_Base_MspInit
 .text.MX_USART1_UART_Init
                0x08008730       0x34 CMakeFiles/F411Oscilloscope.elf.dir/Core/Src/usart.c.obj
                0x08008730                MX_USART1_UART_Init
 .text.HAL_UART_MspInit
                0x08008764       0x74 CMakeFiles/F411Oscilloscope.elf.dir/Core/Src/usart.c.obj
                0x08008764                HAL_UART_MspInit
 .text.Reset_Handler
                0x080087d8       0x50 CMakeFiles/F411Oscilloscope.elf.dir/Core/Startup/startup_stm32f411ceux.s.obj
                0x080087d8                Reset_Handler
 .text.Default_Handler
                0x08008828        0x2 CMakeFiles/F411Oscilloscope.elf.dir/Core/Startup/startup_stm32f411ceux.s.obj
                0x08008828                RTC_Alarm_IRQHandler
                0x08008828                EXTI2_IRQHandler
                0x08008828                SPI4_IRQHandler
                0x08008828                TIM1_CC_IRQHandler
                0x08008828                DMA2_Stream5_IRQHandler
                0x08008828                DMA1_Stream5_IRQHandler
                0x08008828                PVD_IRQHandler
                0x08008828                SDIO_IRQHandler
                0x08008828                TAMP_STAMP_IRQHandler
                0x08008828                EXTI3_IRQHandler
                0x08008828                TIM1_UP_TIM10_IRQHandler
                0x08008828                I2C3_ER_IRQHandler
                0x08008828                I2C2_EV_IRQHandler
                0x08008828                DMA1_Stream2_IRQHandler
                0x08008828                DMA2_Stream2_IRQHandler
                0x08008828                SPI1_IRQHandler
                0x08008828                DMA2_Stream3_IRQHandler
                0x08008828                USART6_IRQHandler
                0x08008828                TIM4_IRQHandler
                0x08008828                I2C1_EV_IRQHandler
                0x08008828                DMA1_Stream6_IRQHandler
                0x08008828                DMA1_Stream1_IRQHandler
                0x08008828                TIM3_IRQHandler
                0x08008828                Default_Handler
                0x08008828                EXTI15_10_IRQHandler
                0x08008828                ADC_IRQHandler
                0x08008828                DMA1_Stream7_IRQHandler
                0x08008828                SPI5_IRQHandler
                0x08008828                TIM5_IRQHandler
                0x08008828                DMA2_Stream7_IRQHandler
                0x08008828                I2C3_EV_IRQHandler
                0x08008828                EXTI9_5_IRQHandler
                0x08008828                RTC_WKUP_IRQHandler
                0x08008828                SPI2_IRQHandler
                0x08008828                DMA1_Stream0_IRQHandler
                0x08008828                EXTI4_IRQHandler
                0x08008828                WWDG_IRQHandler
                0x08008828                TIM2_IRQHandler
                0x08008828                OTG_FS_WKUP_IRQHandler
                0x08008828                TIM1_TRG_COM_TIM11_IRQHandler
                0x08008828                EXTI1_IRQHandler
                0x08008828                USART2_IRQHandler
                0x08008828                I2C2_ER_IRQHandler
                0x08008828                DMA2_Stream1_IRQHandler
                0x08008828                FLASH_IRQHandler
                0x08008828                DMA2_Stream4_IRQHandler
                0x08008828                USART1_IRQHandler
                0x08008828                SPI3_IRQHandler
                0x08008828                DMA1_Stream4_IRQHandler
                0x08008828                I2C1_ER_IRQHandler
                0x08008828                DMA2_Stream6_IRQHandler
                0x08008828                DMA1_Stream3_IRQHandler
 *fill*         0x0800882a        0x2 
 .text.HAL_InitTick
                0x0800882c       0x4c CMakeFiles/F411Oscilloscope.elf.dir/Drivers/STM32F4xx_HAL_Driver/Src/stm32f4xx_hal.c.obj
                0x0800882c                HAL_InitTick
 .text.HAL_Init
                0x08008878       0x34 CMakeFiles/F411Oscilloscope.elf.dir/Drivers/STM32F4xx_HAL_Driver/Src/stm32f4xx_hal.c.obj
                0x08008878                HAL_Init
 .text.HAL_IncTick
                0x080088ac       0x18 CMakeFiles/F411Oscilloscope.elf.dir/Drivers/STM32F4xx_HAL_Driver/Src/stm32f4xx_hal.c.obj
                0x080088ac                HAL_IncTick
 .text.HAL_GetTick
                0x080088c4        0xc CMakeFiles/F411Oscilloscope.elf.dir/Drivers/STM32F4xx_HAL_Driver/Src/stm32f4xx_hal.c.obj
                0x080088c4                HAL_GetTick
 .text.HAL_Delay
                0x080088d0       0x28 CMakeFiles/F411Oscilloscope.elf.dir/Drivers/STM32F4xx_HAL_Driver/Src/stm32f4xx_hal.c.obj
                0x080088d0                HAL_Delay
 .text.ADC_Init
                0x080088f8      0x134 CMakeFiles/F411Oscilloscope.elf.dir/Drivers/STM32F4xx_HAL_Driver/Src/stm32f4xx_hal_adc.c.obj
 .text.HAL_ADC_Init
                0x08008a2c       0x56 CMakeFiles/F411Oscilloscope.elf.dir/Drivers/STM32F4xx_HAL_Driver/Src/stm32f4xx_hal_adc.c.obj
                0x08008a2c                HAL_ADC_Init
 *fill*         0x08008a82        0x2 
 .text.HAL_ADC_Start_DMA
                0x08008a84      0x164 CMakeFiles/F411Oscilloscope.elf.dir/Drivers/STM32F4xx_HAL_Driver/Src/stm32f4xx_hal_adc.c.obj
                0x08008a84                HAL_ADC_Start_DMA
 .text.HAL_ADC_ConvCpltCallback
                0x08008be8        0x2 CMakeFiles/F411Oscilloscope.elf.dir/Drivers/STM32F4xx_HAL_Driver/Src/stm32f4xx_hal_adc.c.obj
                0x08008be8                HAL_ADC_ConvCpltCallback
 .text.HAL_ADC_ConvHalfCpltCallback
                0x08008bea        0x2 CMakeFiles/F411Oscilloscope.elf.dir/Drivers/STM32F4xx_HAL_Driver/Src/stm32f4xx_hal_adc.c.obj
                0x08008bea                HAL_ADC_ConvHalfCpltCallback
 .text.ADC_DMAHalfConvCplt
                0x08008bec        0xa CMakeFiles/F411Oscilloscope.elf.dir/Drivers/STM32F4xx_HAL_Driver/Src/stm32f4xx_hal_adc.c.obj
 .text.HAL_ADC_ErrorCallback
                0x08008bf6        0x2 CMakeFiles/F411Oscilloscope.elf.dir/Drivers/STM32F4xx_HAL_Driver/Src/stm32f4xx_hal_adc.c.obj
                0x08008bf6                HAL_ADC_ErrorCallback
 .text.ADC_DMAError
                0x08008bf8       0x16 CMakeFiles/F411Oscilloscope.elf.dir/Drivers/STM32F4xx_HAL_Driver/Src/stm32f4xx_hal_adc.c.obj
 .text.ADC_DMAConvCplt
                0x08008c0e       0x72 CMakeFiles/F411Oscilloscope.elf.dir/Drivers/STM32F4xx_HAL_Driver/Src/stm32f4xx_hal_adc.c.obj
 .text.HAL_ADC_ConfigChannel
                0x08008c80      0x1ac CMakeFiles/F411Oscilloscope.elf.dir/Drivers/STM32F4xx_HAL_Driver/Src/stm32f4xx_hal_adc.c.obj
                0x08008c80                HAL_ADC_ConfigChannel
 .text.HAL_NVIC_SetPriorityGrouping
                0x08008e2c       0x24 CMakeFiles/F411Oscilloscope.elf.dir/Drivers/STM32F4xx_HAL_Driver/Src/stm32f4xx_hal_cortex.c.obj
                0x08008e2c                HAL_NVIC_SetPriorityGrouping
 .text.HAL_NVIC_SetPriority
                0x08008e50       0x70 CMakeFiles/F411Oscilloscope.elf.dir/Drivers/STM32F4xx_HAL_Driver/Src/stm32f4xx_hal_cortex.c.obj
                0x08008e50                HAL_NVIC_SetPriority
 .text.HAL_NVIC_EnableIRQ
                0x08008ec0       0x1c CMakeFiles/F411Oscilloscope.elf.dir/Drivers/STM32F4xx_HAL_Driver/Src/stm32f4xx_hal_cortex.c.obj
                0x08008ec0                HAL_NVIC_EnableIRQ
 .text.HAL_SYSTICK_Config
                0x08008edc       0x28 CMakeFiles/F411Oscilloscope.elf.dir/Drivers/STM32F4xx_HAL_Driver/Src/stm32f4xx_hal_cortex.c.obj
                0x08008edc                HAL_SYSTICK_Config
 .text.DMA_SetConfig
                0x08008f04       0x2c CMakeFiles/F411Oscilloscope.elf.dir/Drivers/STM32F4xx_HAL_Driver/Src/stm32f4xx_hal_dma.c.obj
 .text.DMA_CalcBaseAndBitshift
                0x08008f30       0x44 CMakeFiles/F411Oscilloscope.elf.dir/Drivers/STM32F4xx_HAL_Driver/Src/stm32f4xx_hal_dma.c.obj
 .text.DMA_CheckFifoParam
                0x08008f74       0x8e CMakeFiles/F411Oscilloscope.elf.dir/Drivers/STM32F4xx_HAL_Driver/Src/stm32f4xx_hal_dma.c.obj
 *fill*         0x08009002        0x2 
 .text.HAL_DMA_Init
                0x08009004       0xcc CMakeFiles/F411Oscilloscope.elf.dir/Drivers/STM32F4xx_HAL_Driver/Src/stm32f4xx_hal_dma.c.obj
                0x08009004                HAL_DMA_Init
 .text.HAL_DMA_Start_IT
                0x080090d0       0x6a CMakeFiles/F411Oscilloscope.elf.dir/Drivers/STM32F4xx_HAL_Driver/Src/stm32f4xx_hal_dma.c.obj
                0x080090d0                HAL_DMA_Start_IT
 *fill*         0x0800913a        0x2 
 .text.HAL_DMA_IRQHandler
                0x0800913c      0x1dc CMakeFiles/F411Oscilloscope.elf.dir/Drivers/STM32F4xx_HAL_Driver/Src/stm32f4xx_hal_dma.c.obj
                0x0800913c                HAL_DMA_IRQHandler
 .text.HAL_GPIO_Init
                0x08009318      0x1c0 CMakeFiles/F411Oscilloscope.elf.dir/Drivers/STM32F4xx_HAL_Driver/Src/stm32f4xx_hal_gpio.c.obj
                0x08009318                HAL_GPIO_Init
 .text.HAL_GPIO_ReadPin
                0x080094d8        0xe CMakeFiles/F411Oscilloscope.elf.dir/Drivers/STM32F4xx_HAL_Driver/Src/stm32f4xx_hal_gpio.c.obj
                0x080094d8                HAL_GPIO_ReadPin
 .text.HAL_GPIO_WritePin
                0x080094e6        0xc CMakeFiles/F411Oscilloscope.elf.dir/Drivers/STM32F4xx_HAL_Driver/Src/stm32f4xx_hal_gpio.c.obj
                0x080094e6                HAL_GPIO_WritePin
 *fill*         0x080094f2        0x2 
 .text.HAL_GPIO_EXTI_IRQHandler
                0x080094f4       0x1c CMakeFiles/F411Oscilloscope.elf.dir/Drivers/STM32F4xx_HAL_Driver/Src/stm32f4xx_hal_gpio.c.obj
                0x080094f4                HAL_GPIO_EXTI_IRQHandler
 .text.PCD_WriteEmptyTxFifo
                0x08009510       0xd0 CMakeFiles/F411Oscilloscope.elf.dir/Drivers/STM32F4xx_HAL_Driver/Src/stm32f4xx_hal_pcd.c.obj
 .text.HAL_PCD_Init
                0x080095e0      0x12e CMakeFiles/F411Oscilloscope.elf.dir/Drivers/STM32F4xx_HAL_Driver/Src/stm32f4xx_hal_pcd.c.obj
                0x080095e0                HAL_PCD_Init
 .text.HAL_PCD_Start
                0x0800970e       0x42 CMakeFiles/F411Oscilloscope.elf.dir/Drivers/STM32F4xx_HAL_Driver/Src/stm32f4xx_hal_pcd.c.obj
                0x0800970e                HAL_PCD_Start
 .text.PCD_EP_OutXfrComplete_int
                0x08009750      0x104 CMakeFiles/F411Oscilloscope.elf.dir/Drivers/STM32F4xx_HAL_Driver/Src/stm32f4xx_hal_pcd.c.obj
 .text.PCD_EP_OutSetupPacket_int
                0x08009854       0x50 CMakeFiles/F411Oscilloscope.elf.dir/Drivers/STM32F4xx_HAL_Driver/Src/stm32f4xx_hal_pcd.c.obj
 .text.HAL_PCD_SetAddress
                0x080098a4       0x28 CMakeFiles/F411Oscilloscope.elf.dir/Drivers/STM32F4xx_HAL_Driver/Src/stm32f4xx_hal_pcd.c.obj
                0x080098a4                HAL_PCD_SetAddress
 .text.HAL_PCD_EP_Open
                0x080098cc       0x8a CMakeFiles/F411Oscilloscope.elf.dir/Drivers/STM32F4xx_HAL_Driver/Src/stm32f4xx_hal_pcd.c.obj
                0x080098cc                HAL_PCD_EP_Open
 .text.HAL_PCD_EP_Close
                0x08009956       0x72 CMakeFiles/F411Oscilloscope.elf.dir/Drivers/STM32F4xx_HAL_Driver/Src/stm32f4xx_hal_pcd.c.obj
                0x08009956                HAL_PCD_EP_Close
 .text.HAL_PCD_EP_Receive
                0x080099c8       0x5e CMakeFiles/F411Oscilloscope.elf.dir/Drivers/STM32F4xx_HAL_Driver/Src/stm32f4xx_hal_pcd.c.obj
                0x080099c8                HAL_PCD_EP_Receive
 .text.HAL_PCD_EP_GetRxCount
                0x08009a26       0x12 CMakeFiles/F411Oscilloscope.elf.dir/Drivers/STM32F4xx_HAL_Driver/Src/stm32f4xx_hal_pcd.c.obj
                0x08009a26                HAL_PCD_EP_GetRxCount
 .text.HAL_PCD_EP_Transmit
                0x08009a38       0x5e CMakeFiles/F411Oscilloscope.elf.dir/Drivers/STM32F4xx_HAL_Driver/Src/stm32f4xx_hal_pcd.c.obj
                0x08009a38                HAL_PCD_EP_Transmit
 .text.HAL_PCD_EP_SetStall
                0x08009a96       0x88 CMakeFiles/F411Oscilloscope.elf.dir/Drivers/STM32F4xx_HAL_Driver/Src/stm32f4xx_hal_pcd.c.obj
                0x08009a96                HAL_PCD_EP_SetStall
 .text.HAL_PCD_EP_ClrStall
                0x08009b1e       0x76 CMakeFiles/F411Oscilloscope.elf.dir/Drivers/STM32F4xx_HAL_Driver/Src/stm32f4xx_hal_pcd.c.obj
                0x08009b1e                HAL_PCD_EP_ClrStall
 .text.HAL_PCD_EP_Abort
                0x08009b94       0x34 CMakeFiles/F411Oscilloscope.elf.dir/Drivers/STM32F4xx_HAL_Driver/Src/stm32f4xx_hal_pcd.c.obj
                0x08009b94                HAL_PCD_EP_Abort
 .text.HAL_PCD_IRQHandler
                0x08009bc8      0x5c4 CMakeFiles/F411Oscilloscope.elf.dir/Drivers/STM32F4xx_HAL_Driver/Src/stm32f4xx_hal_pcd.c.obj
                0x08009bc8                HAL_PCD_IRQHandler
 .text.HAL_PCDEx_SetTxFiFo
                0x0800a18c       0x4c CMakeFiles/F411Oscilloscope.elf.dir/Drivers/STM32F4xx_HAL_Driver/Src/stm32f4xx_hal_pcd_ex.c.obj
                0x0800a18c                HAL_PCDEx_SetTxFiFo
 .text.HAL_PCDEx_SetRxFiFo
                0x0800a1d8        0x8 CMakeFiles/F411Oscilloscope.elf.dir/Drivers/STM32F4xx_HAL_Driver/Src/stm32f4xx_hal_pcd_ex.c.obj
                0x0800a1d8                HAL_PCDEx_SetRxFiFo
 .text.HAL_PCDEx_LPM_Callback
                0x0800a1e0        0x2 CMakeFiles/F411Oscilloscope.elf.dir/Drivers/STM32F4xx_HAL_Driver/Src/stm32f4xx_hal_pcd_ex.c.obj
                0x0800a1e0                HAL_PCDEx_LPM_Callback
 *fill*         0x0800a1e2        0x2 
 .text.HAL_RCC_OscConfig
                0x0800a1e4      0x3f8 CMakeFiles/F411Oscilloscope.elf.dir/Drivers/STM32F4xx_HAL_Driver/Src/stm32f4xx_hal_rcc.c.obj
                0x0800a1e4                HAL_RCC_OscConfig
 .text.HAL_RCC_GetSysClockFreq
                0x0800a5dc       0xa4 CMakeFiles/F411Oscilloscope.elf.dir/Drivers/STM32F4xx_HAL_Driver/Src/stm32f4xx_hal_rcc.c.obj
                0x0800a5dc                HAL_RCC_GetSysClockFreq
 .text.HAL_RCC_ClockConfig
                0x0800a680      0x160 CMakeFiles/F411Oscilloscope.elf.dir/Drivers/STM32F4xx_HAL_Driver/Src/stm32f4xx_hal_rcc.c.obj
                0x0800a680                HAL_RCC_ClockConfig
 .text.HAL_RCC_GetHCLKFreq
                0x0800a7e0        0xc CMakeFiles/F411Oscilloscope.elf.dir/Drivers/STM32F4xx_HAL_Driver/Src/stm32f4xx_hal_rcc.c.obj
                0x0800a7e0                HAL_RCC_GetHCLKFreq
 .text.HAL_RCC_GetPCLK1Freq
                0x0800a7ec       0x20 CMakeFiles/F411Oscilloscope.elf.dir/Drivers/STM32F4xx_HAL_Driver/Src/stm32f4xx_hal_rcc.c.obj
                0x0800a7ec                HAL_RCC_GetPCLK1Freq
 .text.HAL_RCC_GetPCLK2Freq
                0x0800a80c       0x20 CMakeFiles/F411Oscilloscope.elf.dir/Drivers/STM32F4xx_HAL_Driver/Src/stm32f4xx_hal_rcc.c.obj
                0x0800a80c                HAL_RCC_GetPCLK2Freq
 .text.HAL_SPI_Init
                0x0800a82c       0xbe CMakeFiles/F411Oscilloscope.elf.dir/Drivers/STM32F4xx_HAL_Driver/Src/stm32f4xx_hal_spi.c.obj
                0x0800a82c                HAL_SPI_Init
 .text.TIM_TI1_ConfigInputStage
                0x0800a8ea       0x26 CMakeFiles/F411Oscilloscope.elf.dir/Drivers/STM32F4xx_HAL_Driver/Src/stm32f4xx_hal_tim.c.obj
 .text.TIM_TI2_ConfigInputStage
                0x0800a910       0x28 CMakeFiles/F411Oscilloscope.elf.dir/Drivers/STM32F4xx_HAL_Driver/Src/stm32f4xx_hal_tim.c.obj
 .text.TIM_ITRx_SetConfig
                0x0800a938       0x10 CMakeFiles/F411Oscilloscope.elf.dir/Drivers/STM32F4xx_HAL_Driver/Src/stm32f4xx_hal_tim.c.obj
 .text.HAL_TIM_Base_Start_IT
                0x0800a948       0x78 CMakeFiles/F411Oscilloscope.elf.dir/Drivers/STM32F4xx_HAL_Driver/Src/stm32f4xx_hal_tim.c.obj
                0x0800a948                HAL_TIM_Base_Start_IT
 .text.HAL_TIM_Base_Stop_IT
                0x0800a9c0       0x32 CMakeFiles/F411Oscilloscope.elf.dir/Drivers/STM32F4xx_HAL_Driver/Src/stm32f4xx_hal_tim.c.obj
                0x0800a9c0                HAL_TIM_Base_Stop_IT
 .text.HAL_TIM_OC_DelayElapsedCallback
                0x0800a9f2        0x2 CMakeFiles/F411Oscilloscope.elf.dir/Drivers/STM32F4xx_HAL_Driver/Src/stm32f4xx_hal_tim.c.obj
                0x0800a9f2                HAL_TIM_OC_DelayElapsedCallback
 .text.HAL_TIM_IC_CaptureCallback
                0x0800a9f4        0x2 CMakeFiles/F411Oscilloscope.elf.dir/Drivers/STM32F4xx_HAL_Driver/Src/stm32f4xx_hal_tim.c.obj
                0x0800a9f4                HAL_TIM_IC_CaptureCallback
 .text.HAL_TIM_PWM_PulseFinishedCallback
                0x0800a9f6        0x2 CMakeFiles/F411Oscilloscope.elf.dir/Drivers/STM32F4xx_HAL_Driver/Src/stm32f4xx_hal_tim.c.obj
                0x0800a9f6                HAL_TIM_PWM_PulseFinishedCallback
 .text.HAL_TIM_TriggerCallback
                0x0800a9f8        0x2 CMakeFiles/F411Oscilloscope.elf.dir/Drivers/STM32F4xx_HAL_Driver/Src/stm32f4xx_hal_tim.c.obj
                0x0800a9f8                HAL_TIM_TriggerCallback
 .text.HAL_TIM_IRQHandler
                0x0800a9fa      0x17a CMakeFiles/F411Oscilloscope.elf.dir/Drivers/STM32F4xx_HAL_Driver/Src/stm32f4xx_hal_tim.c.obj
                0x0800a9fa                HAL_TIM_IRQHandler
 .text.TIM_Base_SetConfig
                0x0800ab74       0x9c CMakeFiles/F411Oscilloscope.elf.dir/Drivers/STM32F4xx_HAL_Driver/Src/stm32f4xx_hal_tim.c.obj
                0x0800ab74                TIM_Base_SetConfig
 .text.HAL_TIM_Base_Init
                0x0800ac10       0x58 CMakeFiles/F411Oscilloscope.elf.dir/Drivers/STM32F4xx_HAL_Driver/Src/stm32f4xx_hal_tim.c.obj
                0x0800ac10                HAL_TIM_Base_Init
 .text.TIM_ETR_SetConfig
                0x0800ac68       0x1a CMakeFiles/F411Oscilloscope.elf.dir/Drivers/STM32F4xx_HAL_Driver/Src/stm32f4xx_hal_tim.c.obj
                0x0800ac68                TIM_ETR_SetConfig
 .text.HAL_TIM_ConfigClockSource
                0x0800ac82       0xfe CMakeFiles/F411Oscilloscope.elf.dir/Drivers/STM32F4xx_HAL_Driver/Src/stm32f4xx_hal_tim.c.obj
                0x0800ac82                HAL_TIM_ConfigClockSource
 .text.HAL_TIMEx_CommutCallback
                0x0800ad80        0x2 CMakeFiles/F411Oscilloscope.elf.dir/Drivers/STM32F4xx_HAL_Driver/Src/stm32f4xx_hal_tim_ex.c.obj
                0x0800ad80                HAL_TIMEx_CommutCallback
 .text.HAL_TIMEx_BreakCallback
                0x0800ad82        0x2 CMakeFiles/F411Oscilloscope.elf.dir/Drivers/STM32F4xx_HAL_Driver/Src/stm32f4xx_hal_tim_ex.c.obj
                0x0800ad82                HAL_TIMEx_BreakCallback
 .text.UART_SetConfig
                0x0800ad84      0x110 CMakeFiles/F411Oscilloscope.elf.dir/Drivers/STM32F4xx_HAL_Driver/Src/stm32f4xx_hal_uart.c.obj
 .text.UART_WaitOnFlagUntilTimeout
                0x0800ae94       0x88 CMakeFiles/F411Oscilloscope.elf.dir/Drivers/STM32F4xx_HAL_Driver/Src/stm32f4xx_hal_uart.c.obj
 .text.HAL_UART_Init
                0x0800af1c       0x5e CMakeFiles/F411Oscilloscope.elf.dir/Drivers/STM32F4xx_HAL_Driver/Src/stm32f4xx_hal_uart.c.obj
                0x0800af1c                HAL_UART_Init
 .text.HAL_UART_Transmit
                0x0800af7a       0xd8 CMakeFiles/F411Oscilloscope.elf.dir/Drivers/STM32F4xx_HAL_Driver/Src/stm32f4xx_hal_uart.c.obj
                0x0800af7a                HAL_UART_Transmit
 .text.UART_Start_Receive_IT
                0x0800b052       0x3a CMakeFiles/F411Oscilloscope.elf.dir/Drivers/STM32F4xx_HAL_Driver/Src/stm32f4xx_hal_uart.c.obj
                0x0800b052                UART_Start_Receive_IT
 .text.HAL_UART_Receive_IT
                0x0800b08c       0x38 CMakeFiles/F411Oscilloscope.elf.dir/Drivers/STM32F4xx_HAL_Driver/Src/stm32f4xx_hal_uart.c.obj
                0x0800b08c                HAL_UART_Receive_IT
 .text.USB_CoreReset
                0x0800b0c4       0x50 CMakeFiles/F411Oscilloscope.elf.dir/Drivers/STM32F4xx_HAL_Driver/Src/stm32f4xx_ll_usb.c.obj
 .text.USB_CoreInit
                0x0800b114       0x8a CMakeFiles/F411Oscilloscope.elf.dir/Drivers/STM32F4xx_HAL_Driver/Src/stm32f4xx_ll_usb.c.obj
                0x0800b114                USB_CoreInit
 *fill*         0x0800b19e        0x2 
 .text.USB_SetTurnaroundTime
                0x0800b1a0       0xe4 CMakeFiles/F411Oscilloscope.elf.dir/Drivers/STM32F4xx_HAL_Driver/Src/stm32f4xx_ll_usb.c.obj
                0x0800b1a0                USB_SetTurnaroundTime
 .text.USB_EnableGlobalInt
                0x0800b284        0xc CMakeFiles/F411Oscilloscope.elf.dir/Drivers/STM32F4xx_HAL_Driver/Src/stm32f4xx_ll_usb.c.obj
                0x0800b284                USB_EnableGlobalInt
 .text.USB_DisableGlobalInt
                0x0800b290        0xc CMakeFiles/F411Oscilloscope.elf.dir/Drivers/STM32F4xx_HAL_Driver/Src/stm32f4xx_ll_usb.c.obj
                0x0800b290                USB_DisableGlobalInt
 .text.USB_FlushTxFifo
                0x0800b29c       0x50 CMakeFiles/F411Oscilloscope.elf.dir/Drivers/STM32F4xx_HAL_Driver/Src/stm32f4xx_ll_usb.c.obj
                0x0800b29c                USB_FlushTxFifo
 .text.USB_FlushRxFifo
                0x0800b2ec       0x4c CMakeFiles/F411Oscilloscope.elf.dir/Drivers/STM32F4xx_HAL_Driver/Src/stm32f4xx_ll_usb.c.obj
                0x0800b2ec                USB_FlushRxFifo
 .text.USB_SetDevSpeed
                0x0800b338        0xe CMakeFiles/F411Oscilloscope.elf.dir/Drivers/STM32F4xx_HAL_Driver/Src/stm32f4xx_ll_usb.c.obj
                0x0800b338                USB_SetDevSpeed
 *fill*         0x0800b346        0x2 
 .text.USB_DevInit
                0x0800b348      0x190 CMakeFiles/F411Oscilloscope.elf.dir/Drivers/STM32F4xx_HAL_Driver/Src/stm32f4xx_ll_usb.c.obj
                0x0800b348                USB_DevInit
 .text.USB_GetDevSpeed
                0x0800b4d8       0x22 CMakeFiles/F411Oscilloscope.elf.dir/Drivers/STM32F4xx_HAL_Driver/Src/stm32f4xx_ll_usb.c.obj
                0x0800b4d8                USB_GetDevSpeed
 .text.USB_ActivateEndpoint
                0x0800b4fa       0x9c CMakeFiles/F411Oscilloscope.elf.dir/Drivers/STM32F4xx_HAL_Driver/Src/stm32f4xx_ll_usb.c.obj
                0x0800b4fa                USB_ActivateEndpoint
 *fill*         0x0800b596        0x2 
 .text.USB_DeactivateEndpoint
                0x0800b598       0xe0 CMakeFiles/F411Oscilloscope.elf.dir/Drivers/STM32F4xx_HAL_Driver/Src/stm32f4xx_ll_usb.c.obj
                0x0800b598                USB_DeactivateEndpoint
 .text.USB_EP0StartXfer
                0x0800b678      0x124 CMakeFiles/F411Oscilloscope.elf.dir/Drivers/STM32F4xx_HAL_Driver/Src/stm32f4xx_ll_usb.c.obj
                0x0800b678                USB_EP0StartXfer
 .text.USB_EPStopXfer
                0x0800b79c       0xbe CMakeFiles/F411Oscilloscope.elf.dir/Drivers/STM32F4xx_HAL_Driver/Src/stm32f4xx_ll_usb.c.obj
                0x0800b79c                USB_EPStopXfer
 .text.USB_WritePacket
                0x0800b85a       0x2e CMakeFiles/F411Oscilloscope.elf.dir/Drivers/STM32F4xx_HAL_Driver/Src/stm32f4xx_ll_usb.c.obj
                0x0800b85a                USB_WritePacket
 .text.USB_EPStartXfer
                0x0800b888      0x234 CMakeFiles/F411Oscilloscope.elf.dir/Drivers/STM32F4xx_HAL_Driver/Src/stm32f4xx_ll_usb.c.obj
                0x0800b888                USB_EPStartXfer
 .text.USB_ReadPacket
                0x0800babc       0x54 CMakeFiles/F411Oscilloscope.elf.dir/Drivers/STM32F4xx_HAL_Driver/Src/stm32f4xx_ll_usb.c.obj
                0x0800babc                USB_ReadPacket
 .text.USB_EPSetStall
                0x0800bb10       0x5a CMakeFiles/F411Oscilloscope.elf.dir/Drivers/STM32F4xx_HAL_Driver/Src/stm32f4xx_ll_usb.c.obj
                0x0800bb10                USB_EPSetStall
 .text.USB_EPClearStall
                0x0800bb6a       0x5c CMakeFiles/F411Oscilloscope.elf.dir/Drivers/STM32F4xx_HAL_Driver/Src/stm32f4xx_ll_usb.c.obj
                0x0800bb6a                USB_EPClearStall
 .text.USB_SetDevAddress
                0x0800bbc6       0x20 CMakeFiles/F411Oscilloscope.elf.dir/Drivers/STM32F4xx_HAL_Driver/Src/stm32f4xx_ll_usb.c.obj
                0x0800bbc6                USB_SetDevAddress
 .text.USB_DevConnect
                0x0800bbe6       0x1c CMakeFiles/F411Oscilloscope.elf.dir/Drivers/STM32F4xx_HAL_Driver/Src/stm32f4xx_ll_usb.c.obj
                0x0800bbe6                USB_DevConnect
 .text.USB_DevDisconnect
                0x0800bc02       0x1c CMakeFiles/F411Oscilloscope.elf.dir/Drivers/STM32F4xx_HAL_Driver/Src/stm32f4xx_ll_usb.c.obj
                0x0800bc02                USB_DevDisconnect
 .text.USB_ReadInterrupts
                0x0800bc1e        0x8 CMakeFiles/F411Oscilloscope.elf.dir/Drivers/STM32F4xx_HAL_Driver/Src/stm32f4xx_ll_usb.c.obj
                0x0800bc1e                USB_ReadInterrupts
 .text.USB_ReadDevAllOutEpInterrupt
                0x0800bc26       0x10 CMakeFiles/F411Oscilloscope.elf.dir/Drivers/STM32F4xx_HAL_Driver/Src/stm32f4xx_ll_usb.c.obj
                0x0800bc26                USB_ReadDevAllOutEpInterrupt
 .text.USB_ReadDevAllInEpInterrupt
                0x0800bc36       0x10 CMakeFiles/F411Oscilloscope.elf.dir/Drivers/STM32F4xx_HAL_Driver/Src/stm32f4xx_ll_usb.c.obj
                0x0800bc36                USB_ReadDevAllInEpInterrupt
 .text.USB_ReadDevOutEPInterrupt
                0x0800bc46       0x12 CMakeFiles/F411Oscilloscope.elf.dir/Drivers/STM32F4xx_HAL_Driver/Src/stm32f4xx_ll_usb.c.obj
                0x0800bc46                USB_ReadDevOutEPInterrupt
 .text.USB_ReadDevInEPInterrupt
                0x0800bc58       0x28 CMakeFiles/F411Oscilloscope.elf.dir/Drivers/STM32F4xx_HAL_Driver/Src/stm32f4xx_ll_usb.c.obj
                0x0800bc58                USB_ReadDevInEPInterrupt
 .text.USB_GetMode
                0x0800bc80        0x8 CMakeFiles/F411Oscilloscope.elf.dir/Drivers/STM32F4xx_HAL_Driver/Src/stm32f4xx_ll_usb.c.obj
                0x0800bc80                USB_GetMode
 .text.USB_SetCurrentMode
                0x0800bc88       0x62 CMakeFiles/F411Oscilloscope.elf.dir/Drivers/STM32F4xx_HAL_Driver/Src/stm32f4xx_ll_usb.c.obj
                0x0800bc88                USB_SetCurrentMode
 .text.USB_ActivateSetup
                0x0800bcea       0x20 CMakeFiles/F411Oscilloscope.elf.dir/Drivers/STM32F4xx_HAL_Driver/Src/stm32f4xx_ll_usb.c.obj
                0x0800bcea                USB_ActivateSetup
 *fill*         0x0800bd0a        0x2 
 .text.USB_EP0_OutStart
                0x0800bd0c       0x60 CMakeFiles/F411Oscilloscope.elf.dir/Drivers/STM32F4xx_HAL_Driver/Src/stm32f4xx_ll_usb.c.obj
                0x0800bd0c                USB_EP0_OutStart
 .text.USBD_CDC_EP0_RxReady
                0x0800bd6c       0x40 CMakeFiles/F411Oscilloscope.elf.dir/Middlewares/ST/STM32_USB_Device_Library/Class/CDC/Src/usbd_cdc.c.obj
 .text.USBD_CDC_GetDeviceQualifierDescriptor
                0x0800bdac        0xc CMakeFiles/F411Oscilloscope.elf.dir/Middlewares/ST/STM32_USB_Device_Library/Class/CDC/Src/usbd_cdc.c.obj
                0x0800bdac                USBD_CDC_GetDeviceQualifierDescriptor
 .text.USBD_CDC_GetOtherSpeedCfgDesc
                0x0800bdb8       0x48 CMakeFiles/F411Oscilloscope.elf.dir/Middlewares/ST/STM32_USB_Device_Library/Class/CDC/Src/usbd_cdc.c.obj
 .text.USBD_CDC_GetFSCfgDesc
                0x0800be00       0x48 CMakeFiles/F411Oscilloscope.elf.dir/Middlewares/ST/STM32_USB_Device_Library/Class/CDC/Src/usbd_cdc.c.obj
 .text.USBD_CDC_GetHSCfgDesc
                0x0800be48       0x48 CMakeFiles/F411Oscilloscope.elf.dir/Middlewares/ST/STM32_USB_Device_Library/Class/CDC/Src/usbd_cdc.c.obj
 .text.USBD_CDC_DataOut
                0x0800be90       0x38 CMakeFiles/F411Oscilloscope.elf.dir/Middlewares/ST/STM32_USB_Device_Library/Class/CDC/Src/usbd_cdc.c.obj
 .text.USBD_CDC_DataIn
                0x0800bec8       0x7c CMakeFiles/F411Oscilloscope.elf.dir/Middlewares/ST/STM32_USB_Device_Library/Class/CDC/Src/usbd_cdc.c.obj
 .text.USBD_CDC_Setup
                0x0800bf44      0x11a CMakeFiles/F411Oscilloscope.elf.dir/Middlewares/ST/STM32_USB_Device_Library/Class/CDC/Src/usbd_cdc.c.obj
 .text.USBD_CDC_DeInit
                0x0800c05e       0x64 CMakeFiles/F411Oscilloscope.elf.dir/Middlewares/ST/STM32_USB_Device_Library/Class/CDC/Src/usbd_cdc.c.obj
 .text.USBD_CDC_Init
                0x0800c0c2       0xee CMakeFiles/F411Oscilloscope.elf.dir/Middlewares/ST/STM32_USB_Device_Library/Class/CDC/Src/usbd_cdc.c.obj
 .text.USBD_CDC_RegisterInterface
                0x0800c1b0       0x16 CMakeFiles/F411Oscilloscope.elf.dir/Middlewares/ST/STM32_USB_Device_Library/Class/CDC/Src/usbd_cdc.c.obj
                0x0800c1b0                USBD_CDC_RegisterInterface
 .text.USBD_CDC_SetTxBuffer
                0x0800c1c6       0x1c CMakeFiles/F411Oscilloscope.elf.dir/Middlewares/ST/STM32_USB_Device_Library/Class/CDC/Src/usbd_cdc.c.obj
                0x0800c1c6                USBD_CDC_SetTxBuffer
 .text.USBD_CDC_SetRxBuffer
                0x0800c1e2       0x18 CMakeFiles/F411Oscilloscope.elf.dir/Middlewares/ST/STM32_USB_Device_Library/Class/CDC/Src/usbd_cdc.c.obj
                0x0800c1e2                USBD_CDC_SetRxBuffer
 .text.USBD_CDC_TransmitPacket
                0x0800c1fa       0x3a CMakeFiles/F411Oscilloscope.elf.dir/Middlewares/ST/STM32_USB_Device_Library/Class/CDC/Src/usbd_cdc.c.obj
                0x0800c1fa                USBD_CDC_TransmitPacket
 .text.USBD_CDC_ReceivePacket
                0x0800c234       0x38 CMakeFiles/F411Oscilloscope.elf.dir/Middlewares/ST/STM32_USB_Device_Library/Class/CDC/Src/usbd_cdc.c.obj
                0x0800c234                USBD_CDC_ReceivePacket
 .text.USBD_Init
                0x0800c26c       0x2e CMakeFiles/F411Oscilloscope.elf.dir/Middlewares/ST/STM32_USB_Device_Library/Core/Src/usbd_core.c.obj
                0x0800c26c                USBD_Init
 .text.USBD_RegisterClass
                0x0800c29a       0x34 CMakeFiles/F411Oscilloscope.elf.dir/Middlewares/ST/STM32_USB_Device_Library/Core/Src/usbd_core.c.obj
                0x0800c29a                USBD_RegisterClass
 .text.USBD_Start
                0x0800c2ce        0x8 CMakeFiles/F411Oscilloscope.elf.dir/Middlewares/ST/STM32_USB_Device_Library/Core/Src/usbd_core.c.obj
                0x0800c2ce                USBD_Start
 .text.USBD_SetClassConfig
                0x0800c2d6       0x12 CMakeFiles/F411Oscilloscope.elf.dir/Middlewares/ST/STM32_USB_Device_Library/Core/Src/usbd_core.c.obj
                0x0800c2d6                USBD_SetClassConfig
 .text.USBD_ClrClassConfig
                0x0800c2e8       0x12 CMakeFiles/F411Oscilloscope.elf.dir/Middlewares/ST/STM32_USB_Device_Library/Core/Src/usbd_core.c.obj
                0x0800c2e8                USBD_ClrClassConfig
 .text.USBD_LL_SetupStage
                0x0800c2fa       0x58 CMakeFiles/F411Oscilloscope.elf.dir/Middlewares/ST/STM32_USB_Device_Library/Core/Src/usbd_core.c.obj
                0x0800c2fa                USBD_LL_SetupStage
 .text.USBD_LL_Reset
                0x0800c352       0x64 CMakeFiles/F411Oscilloscope.elf.dir/Middlewares/ST/STM32_USB_Device_Library/Core/Src/usbd_core.c.obj
                0x0800c352                USBD_LL_Reset
 .text.USBD_LL_SetSpeed
                0x0800c3b6        0x6 CMakeFiles/F411Oscilloscope.elf.dir/Middlewares/ST/STM32_USB_Device_Library/Core/Src/usbd_core.c.obj
                0x0800c3b6                USBD_LL_SetSpeed
 .text.USBD_LL_Suspend
                0x0800c3bc       0x14 CMakeFiles/F411Oscilloscope.elf.dir/Middlewares/ST/STM32_USB_Device_Library/Core/Src/usbd_core.c.obj
                0x0800c3bc                USBD_LL_Suspend
 .text.USBD_LL_Resume
                0x0800c3d0       0x1a CMakeFiles/F411Oscilloscope.elf.dir/Middlewares/ST/STM32_USB_Device_Library/Core/Src/usbd_core.c.obj
                0x0800c3d0                USBD_LL_Resume
 .text.USBD_LL_SOF
                0x0800c3ea       0x22 CMakeFiles/F411Oscilloscope.elf.dir/Middlewares/ST/STM32_USB_Device_Library/Core/Src/usbd_core.c.obj
                0x0800c3ea                USBD_LL_SOF
 .text.USBD_LL_IsoINIncomplete
                0x0800c40c       0x2e CMakeFiles/F411Oscilloscope.elf.dir/Middlewares/ST/STM32_USB_Device_Library/Core/Src/usbd_core.c.obj
                0x0800c40c                USBD_LL_IsoINIncomplete
 .text.USBD_LL_IsoOUTIncomplete
                0x0800c43a       0x2e CMakeFiles/F411Oscilloscope.elf.dir/Middlewares/ST/STM32_USB_Device_Library/Core/Src/usbd_core.c.obj
                0x0800c43a                USBD_LL_IsoOUTIncomplete
 .text.USBD_LL_DevConnected
                0x0800c468        0x4 CMakeFiles/F411Oscilloscope.elf.dir/Middlewares/ST/STM32_USB_Device_Library/Core/Src/usbd_core.c.obj
                0x0800c468                USBD_LL_DevConnected
 .text.USBD_LL_DevDisconnected
                0x0800c46c       0x20 CMakeFiles/F411Oscilloscope.elf.dir/Middlewares/ST/STM32_USB_Device_Library/Core/Src/usbd_core.c.obj
                0x0800c46c                USBD_LL_DevDisconnected
 .text.USBD_CoreFindIF
                0x0800c48c        0x4 CMakeFiles/F411Oscilloscope.elf.dir/Middlewares/ST/STM32_USB_Device_Library/Core/Src/usbd_core.c.obj
                0x0800c48c                USBD_CoreFindIF
 .text.USBD_CoreFindEP
                0x0800c490        0x4 CMakeFiles/F411Oscilloscope.elf.dir/Middlewares/ST/STM32_USB_Device_Library/Core/Src/usbd_core.c.obj
                0x0800c490                USBD_CoreFindEP
 .text.USBD_LL_DataOutStage
                0x0800c494       0xc6 CMakeFiles/F411Oscilloscope.elf.dir/Middlewares/ST/STM32_USB_Device_Library/Core/Src/usbd_core.c.obj
                0x0800c494                USBD_LL_DataOutStage
 .text.USBD_LL_DataInStage
                0x0800c55a       0xd6 CMakeFiles/F411Oscilloscope.elf.dir/Middlewares/ST/STM32_USB_Device_Library/Core/Src/usbd_core.c.obj
                0x0800c55a                USBD_LL_DataInStage
 .text.USBD_GetNextDesc
                0x0800c630        0xe CMakeFiles/F411Oscilloscope.elf.dir/Middlewares/ST/STM32_USB_Device_Library/Core/Src/usbd_core.c.obj
                0x0800c630                USBD_GetNextDesc
 .text.USBD_GetEpDesc
                0x0800c63e       0x3e CMakeFiles/F411Oscilloscope.elf.dir/Middlewares/ST/STM32_USB_Device_Library/Core/Src/usbd_core.c.obj
                0x0800c63e                USBD_GetEpDesc
 .text.USBD_GetLen
                0x0800c67c       0x14 CMakeFiles/F411Oscilloscope.elf.dir/Middlewares/ST/STM32_USB_Device_Library/Core/Src/usbd_ctlreq.c.obj
 .text.USBD_ParseSetupRequest
                0x0800c690       0x28 CMakeFiles/F411Oscilloscope.elf.dir/Middlewares/ST/STM32_USB_Device_Library/Core/Src/usbd_ctlreq.c.obj
                0x0800c690                USBD_ParseSetupRequest
 .text.USBD_CtlError
                0x0800c6b8       0x14 CMakeFiles/F411Oscilloscope.elf.dir/Middlewares/ST/STM32_USB_Device_Library/Core/Src/usbd_ctlreq.c.obj
                0x0800c6b8                USBD_CtlError
 .text.USBD_GetDescriptor
                0x0800c6cc      0x18a CMakeFiles/F411Oscilloscope.elf.dir/Middlewares/ST/STM32_USB_Device_Library/Core/Src/usbd_ctlreq.c.obj
 .text.USBD_SetAddress
                0x0800c856       0x50 CMakeFiles/F411Oscilloscope.elf.dir/Middlewares/ST/STM32_USB_Device_Library/Core/Src/usbd_ctlreq.c.obj
 *fill*         0x0800c8a6        0x2 
 .text.USBD_SetConfig
                0x0800c8a8       0xcc CMakeFiles/F411Oscilloscope.elf.dir/Middlewares/ST/STM32_USB_Device_Library/Core/Src/usbd_ctlreq.c.obj
 .text.USBD_GetConfig
                0x0800c974       0x40 CMakeFiles/F411Oscilloscope.elf.dir/Middlewares/ST/STM32_USB_Device_Library/Core/Src/usbd_ctlreq.c.obj
 .text.USBD_GetStatus
                0x0800c9b4       0x38 CMakeFiles/F411Oscilloscope.elf.dir/Middlewares/ST/STM32_USB_Device_Library/Core/Src/usbd_ctlreq.c.obj
 .text.USBD_SetFeature
                0x0800c9ec       0x2a CMakeFiles/F411Oscilloscope.elf.dir/Middlewares/ST/STM32_USB_Device_Library/Core/Src/usbd_ctlreq.c.obj
 .text.USBD_ClrFeature
                0x0800ca16       0x26 CMakeFiles/F411Oscilloscope.elf.dir/Middlewares/ST/STM32_USB_Device_Library/Core/Src/usbd_ctlreq.c.obj
 .text.USBD_StdDevReq
                0x0800ca3c       0x76 CMakeFiles/F411Oscilloscope.elf.dir/Middlewares/ST/STM32_USB_Device_Library/Core/Src/usbd_ctlreq.c.obj
                0x0800ca3c                USBD_StdDevReq
 .text.USBD_StdItfReq
                0x0800cab2       0x84 CMakeFiles/F411Oscilloscope.elf.dir/Middlewares/ST/STM32_USB_Device_Library/Core/Src/usbd_ctlreq.c.obj
                0x0800cab2                USBD_StdItfReq
 .text.USBD_StdEPReq
                0x0800cb36      0x230 CMakeFiles/F411Oscilloscope.elf.dir/Middlewares/ST/STM32_USB_Device_Library/Core/Src/usbd_ctlreq.c.obj
                0x0800cb36                USBD_StdEPReq
 .text.USBD_GetString
                0x0800cd66       0x3a CMakeFiles/F411Oscilloscope.elf.dir/Middlewares/ST/STM32_USB_Device_Library/Core/Src/usbd_ctlreq.c.obj
                0x0800cd66                USBD_GetString
 .text.USBD_CtlSendData
                0x0800cda0       0x1a CMakeFiles/F411Oscilloscope.elf.dir/Middlewares/ST/STM32_USB_Device_Library/Core/Src/usbd_ioreq.c.obj
                0x0800cda0                USBD_CtlSendData
 .text.USBD_CtlContinueSendData
                0x0800cdba       0x10 CMakeFiles/F411Oscilloscope.elf.dir/Middlewares/ST/STM32_USB_Device_Library/Core/Src/usbd_ioreq.c.obj
                0x0800cdba                USBD_CtlContinueSendData
 .text.USBD_CtlPrepareRx
                0x0800cdca       0x1e CMakeFiles/F411Oscilloscope.elf.dir/Middlewares/ST/STM32_USB_Device_Library/Core/Src/usbd_ioreq.c.obj
                0x0800cdca                USBD_CtlPrepareRx
 .text.USBD_CtlContinueRx
                0x0800cde8       0x10 CMakeFiles/F411Oscilloscope.elf.dir/Middlewares/ST/STM32_USB_Device_Library/Core/Src/usbd_ioreq.c.obj
                0x0800cde8                USBD_CtlContinueRx
 .text.USBD_CtlSendStatus
                0x0800cdf8       0x16 CMakeFiles/F411Oscilloscope.elf.dir/Middlewares/ST/STM32_USB_Device_Library/Core/Src/usbd_ioreq.c.obj
                0x0800cdf8                USBD_CtlSendStatus
 .text.USBD_CtlReceiveStatus
                0x0800ce0e       0x16 CMakeFiles/F411Oscilloscope.elf.dir/Middlewares/ST/STM32_USB_Device_Library/Core/Src/usbd_ioreq.c.obj
                0x0800ce0e                USBD_CtlReceiveStatus
 .text._ZN9AnalogDMAC2EP17ADC_HandleTypeDefi
                0x0800ce24       0x18 CMakeFiles/F411Oscilloscope.elf.dir/Mixplus/Src/mixplus.cpp.obj
                0x0800ce24                AnalogDMA::AnalogDMA(ADC_HandleTypeDef*, int)
                0x0800ce24                AnalogDMA::AnalogDMA(ADC_HandleTypeDef*, int)
 .text._ZN9AnalogDMA5beginEv
                0x0800ce3c        0xe CMakeFiles/F411Oscilloscope.elf.dir/Mixplus/Src/mixplus.cpp.obj
                0x0800ce3c                AnalogDMA::begin()
 .text._ZN9AnalogDMA3getEPt
                0x0800ce4a       0x18 CMakeFiles/F411Oscilloscope.elf.dir/Mixplus/Src/mixplus.cpp.obj
                0x0800ce4a                AnalogDMA::get(unsigned short*)
 *fill*         0x0800ce62        0x2 
 .text._ZN5TimerC2EP17TIM_HandleTypeDef
                0x0800ce64       0x2c CMakeFiles/F411Oscilloscope.elf.dir/Mixplus/Src/mixplus.cpp.obj
                0x0800ce64                Timer::Timer(TIM_HandleTypeDef*)
                0x0800ce64                Timer::Timer(TIM_HandleTypeDef*)
 .text._ZN5Timer6ontickEPFvvE
                0x0800ce90        0x4 CMakeFiles/F411Oscilloscope.elf.dir/Mixplus/Src/mixplus.cpp.obj
                0x0800ce90                Timer::ontick(void (*)())
 .text._ZN5Timer5startEv
                0x0800ce94        0xa CMakeFiles/F411Oscilloscope.elf.dir/Mixplus/Src/mixplus.cpp.obj
                0x0800ce94                Timer::start()
 .text._ZN5Timer4stopEv
                0x0800ce9e        0xa CMakeFiles/F411Oscilloscope.elf.dir/Mixplus/Src/mixplus.cpp.obj
                0x0800ce9e                Timer::stop()
 .text._ZN5Timer10setcounterEj
                0x0800cea8        0x8 CMakeFiles/F411Oscilloscope.elf.dir/Mixplus/Src/mixplus.cpp.obj
                0x0800cea8                Timer::setcounter(unsigned int)
 .text._ZN5Timer4freqEii
                0x0800ceb0       0x2c CMakeFiles/F411Oscilloscope.elf.dir/Mixplus/Src/mixplus.cpp.obj
                0x0800ceb0                Timer::freq(int, int)
 .text._ZN5Timer6circleEi
                0x0800cedc        0x8 CMakeFiles/F411Oscilloscope.elf.dir/Mixplus/Src/mixplus.cpp.obj
                0x0800cedc                Timer::circle(int)
 .text.HAL_TIM_PeriodElapsedCallback
                0x0800cee4       0x34 CMakeFiles/F411Oscilloscope.elf.dir/Mixplus/Src/mixplus.cpp.obj
                0x0800cee4                HAL_TIM_PeriodElapsedCallback
 .text._ZN4Exti15attachInterruptEtPFvvE
                0x0800cf18       0x34 CMakeFiles/F411Oscilloscope.elf.dir/Mixplus/Src/mixplus.cpp.obj
                0x0800cf18                Exti::attachInterrupt(unsigned short, void (*)())
 .text.HAL_GPIO_EXTI_Callback
                0x0800cf4c       0x38 CMakeFiles/F411Oscilloscope.elf.dir/Mixplus/Src/mixplus.cpp.obj
                0x0800cf4c                HAL_GPIO_EXTI_Callback
 .text._ZN6Serial5beginEv
                0x0800cf84       0x14 CMakeFiles/F411Oscilloscope.elf.dir/Mixplus/Src/mixplus.cpp.obj
                0x0800cf84                Serial::begin()
 .text._ZN6Serial5writeEPci
                0x0800cf98       0x10 CMakeFiles/F411Oscilloscope.elf.dir/Mixplus/Src/mixplus.cpp.obj
                0x0800cf98                Serial::write(char*, int)
 .text._ZN4GPIOC2EP12GPIO_TypeDefs
                0x0800cfa8       0x16 CMakeFiles/F411Oscilloscope.elf.dir/Mixplus/Src/mixplus.cpp.obj
                0x0800cfa8                GPIO::GPIO(GPIO_TypeDef*, short)
                0x0800cfa8                GPIO::GPIO(GPIO_TypeDef*, short)
 .text._ZN4GPIO3getEv
                0x0800cfbe       0x18 CMakeFiles/F411Oscilloscope.elf.dir/Mixplus/Src/mixplus.cpp.obj
                0x0800cfbe                GPIO::get()
 .text._ZN4GPIO3setEb
                0x0800cfd6       0x1c CMakeFiles/F411Oscilloscope.elf.dir/Mixplus/Src/mixplus.cpp.obj
                0x0800cfd6                GPIO::set(bool)
 .text._ZN4GPIO6toggleEv
                0x0800cff2       0x16 CMakeFiles/F411Oscilloscope.elf.dir/Mixplus/Src/mixplus.cpp.obj
                0x0800cff2                GPIO::toggle()
 .text._ZZ5setupENUlvE0_4_FUNEv
                0x0800d008       0x30 CMakeFiles/F411Oscilloscope.elf.dir/Mixplus/Src/mixplus.cpp.obj
 .text._Z4Swapv
                0x0800d038       0x18 CMakeFiles/F411Oscilloscope.elf.dir/Mixplus/Src/mixplus.cpp.obj
                0x0800d038                Swap()
 .text._ZZ5setupENUlvE_4_FUNEv
                0x0800d050       0x58 CMakeFiles/F411Oscilloscope.elf.dir/Mixplus/Src/mixplus.cpp.obj
 .text.setup    0x0800d0a8       0x78 CMakeFiles/F411Oscilloscope.elf.dir/Mixplus/Src/mixplus.cpp.obj
                0x0800d0a8                setup
 .text.dataProc
                0x0800d120       0x44 CMakeFiles/F411Oscilloscope.elf.dir/Mixplus/Src/mixplus.cpp.obj
                0x0800d120                dataProc
 .text.loop     0x0800d164       0x48 CMakeFiles/F411Oscilloscope.elf.dir/Mixplus/Src/mixplus.cpp.obj
                0x0800d164                loop
 .text._ZN6BufferIcEC2Ei
                0x0800d1ac       0x1c CMakeFiles/F411Oscilloscope.elf.dir/Mixplus/Src/mixplus.cpp.obj
                0x0800d1ac                Buffer<char>::Buffer(int)
                0x0800d1ac                Buffer<char>::Buffer(int)
 .text._ZN6SerialC2EP20__UART_HandleTypeDef
                0x0800d1c8       0x2c CMakeFiles/F411Oscilloscope.elf.dir/Mixplus/Src/mixplus.cpp.obj
                0x0800d1c8                Serial::Serial(__UART_HandleTypeDef*)
                0x0800d1c8                Serial::Serial(__UART_HandleTypeDef*)
 .text._Z41__static_initialization_and_destruction_0ii
                0x0800d1f4       0x6c CMakeFiles/F411Oscilloscope.elf.dir/Mixplus/Src/mixplus.cpp.obj
 .text._ZN6BufferIcED2Ev
                0x0800d260        0xe CMakeFiles/F411Oscilloscope.elf.dir/Mixplus/Src/mixplus.cpp.obj
                0x0800d260                Buffer<char>::~Buffer()
                0x0800d260                Buffer<char>::~Buffer()
 .text._ZN6SerialD2Ev
                0x0800d26e        0xc CMakeFiles/F411Oscilloscope.elf.dir/Mixplus/Src/mixplus.cpp.obj
                0x0800d26e                Serial::~Serial()
                0x0800d26e                Serial::~Serial()
 .text._GLOBAL__sub_I__ZN6AnalogC2EP17ADC_HandleTypeDefi
                0x0800d27a        0xe CMakeFiles/F411Oscilloscope.elf.dir/Mixplus/Src/mixplus.cpp.obj
 .text.MX_USB_DEVICE_Init
                0x0800d288       0x54 CMakeFiles/F411Oscilloscope.elf.dir/USB_DEVICE/App/usb_device.c.obj
                0x0800d288                MX_USB_DEVICE_Init
 .text.CDC_DeInit_FS
                0x0800d2dc        0x4 CMakeFiles/F411Oscilloscope.elf.dir/USB_DEVICE/App/usbd_cdc_if.c.obj
 .text.CDC_Control_FS
                0x0800d2e0        0x4 CMakeFiles/F411Oscilloscope.elf.dir/USB_DEVICE/App/usbd_cdc_if.c.obj
 .text.CDC_TransmitCplt_FS
                0x0800d2e4        0x4 CMakeFiles/F411Oscilloscope.elf.dir/USB_DEVICE/App/usbd_cdc_if.c.obj
 .text.CDC_Receive_FS
                0x0800d2e8       0x28 CMakeFiles/F411Oscilloscope.elf.dir/USB_DEVICE/App/usbd_cdc_if.c.obj
 .text.CDC_Init_FS
                0x0800d310       0x28 CMakeFiles/F411Oscilloscope.elf.dir/USB_DEVICE/App/usbd_cdc_if.c.obj
 .text.CDC_Transmit_FS
                0x0800d338       0x2c CMakeFiles/F411Oscilloscope.elf.dir/USB_DEVICE/App/usbd_cdc_if.c.obj
                0x0800d338                CDC_Transmit_FS
 .text.USBD_FS_DeviceDescriptor
                0x0800d364        0xc CMakeFiles/F411Oscilloscope.elf.dir/USB_DEVICE/App/usbd_desc.c.obj
                0x0800d364                USBD_FS_DeviceDescriptor
 .text.USBD_FS_LangIDStrDescriptor
                0x0800d370        0xc CMakeFiles/F411Oscilloscope.elf.dir/USB_DEVICE/App/usbd_desc.c.obj
                0x0800d370                USBD_FS_LangIDStrDescriptor
 .text.IntToUnicode
                0x0800d37c       0x46 CMakeFiles/F411Oscilloscope.elf.dir/USB_DEVICE/App/usbd_desc.c.obj
 *fill*         0x0800d3c2        0x2 
 .text.Get_SerialNum
                0x0800d3c4       0x38 CMakeFiles/F411Oscilloscope.elf.dir/USB_DEVICE/App/usbd_desc.c.obj
 .text.USBD_FS_SerialStrDescriptor
                0x0800d3fc       0x14 CMakeFiles/F411Oscilloscope.elf.dir/USB_DEVICE/App/usbd_desc.c.obj
                0x0800d3fc                USBD_FS_SerialStrDescriptor
 .text.USBD_FS_ProductStrDescriptor
                0x0800d410       0x24 CMakeFiles/F411Oscilloscope.elf.dir/USB_DEVICE/App/usbd_desc.c.obj
                0x0800d410                USBD_FS_ProductStrDescriptor
 .text.USBD_FS_ManufacturerStrDescriptor
                0x0800d434       0x1c CMakeFiles/F411Oscilloscope.elf.dir/USB_DEVICE/App/usbd_desc.c.obj
                0x0800d434                USBD_FS_ManufacturerStrDescriptor
 .text.USBD_FS_ConfigStrDescriptor
                0x0800d450       0x24 CMakeFiles/F411Oscilloscope.elf.dir/USB_DEVICE/App/usbd_desc.c.obj
                0x0800d450                USBD_FS_ConfigStrDescriptor
 .text.USBD_FS_InterfaceStrDescriptor
                0x0800d474       0x24 CMakeFiles/F411Oscilloscope.elf.dir/USB_DEVICE/App/usbd_desc.c.obj
                0x0800d474                USBD_FS_InterfaceStrDescriptor
 .text.HAL_PCD_MspInit
                0x0800d498       0x84 CMakeFiles/F411Oscilloscope.elf.dir/USB_DEVICE/Target/usbd_conf.c.obj
                0x0800d498                HAL_PCD_MspInit
 .text.HAL_PCD_SetupStageCallback
                0x0800d51c       0x10 CMakeFiles/F411Oscilloscope.elf.dir/USB_DEVICE/Target/usbd_conf.c.obj
                0x0800d51c                HAL_PCD_SetupStageCallback
 .text.HAL_PCD_DataOutStageCallback
                0x0800d52c       0x18 CMakeFiles/F411Oscilloscope.elf.dir/USB_DEVICE/Target/usbd_conf.c.obj
                0x0800d52c                HAL_PCD_DataOutStageCallback
 .text.HAL_PCD_DataInStageCallback
                0x0800d544       0x16 CMakeFiles/F411Oscilloscope.elf.dir/USB_DEVICE/Target/usbd_conf.c.obj
                0x0800d544                HAL_PCD_DataInStageCallback
 .text.HAL_PCD_SOFCallback
                0x0800d55a        0xc CMakeFiles/F411Oscilloscope.elf.dir/USB_DEVICE/Target/usbd_conf.c.obj
                0x0800d55a                HAL_PCD_SOFCallback
 .text.HAL_PCD_ResetCallback
                0x0800d566       0x24 CMakeFiles/F411Oscilloscope.elf.dir/USB_DEVICE/Target/usbd_conf.c.obj
                0x0800d566                HAL_PCD_ResetCallback
 *fill*         0x0800d58a        0x2 
 .text.HAL_PCD_SuspendCallback
                0x0800d58c       0x30 CMakeFiles/F411Oscilloscope.elf.dir/USB_DEVICE/Target/usbd_conf.c.obj
                0x0800d58c                HAL_PCD_SuspendCallback
 .text.HAL_PCD_ResumeCallback
                0x0800d5bc        0xc CMakeFiles/F411Oscilloscope.elf.dir/USB_DEVICE/Target/usbd_conf.c.obj
                0x0800d5bc                HAL_PCD_ResumeCallback
 .text.HAL_PCD_ISOOUTIncompleteCallback
                0x0800d5c8        0xc CMakeFiles/F411Oscilloscope.elf.dir/USB_DEVICE/Target/usbd_conf.c.obj
                0x0800d5c8                HAL_PCD_ISOOUTIncompleteCallback
 .text.HAL_PCD_ISOINIncompleteCallback
                0x0800d5d4        0xc CMakeFiles/F411Oscilloscope.elf.dir/USB_DEVICE/Target/usbd_conf.c.obj
                0x0800d5d4                HAL_PCD_ISOINIncompleteCallback
 .text.HAL_PCD_ConnectCallback
                0x0800d5e0        0xc CMakeFiles/F411Oscilloscope.elf.dir/USB_DEVICE/Target/usbd_conf.c.obj
                0x0800d5e0                HAL_PCD_ConnectCallback
 .text.HAL_PCD_DisconnectCallback
                0x0800d5ec        0xc CMakeFiles/F411Oscilloscope.elf.dir/USB_DEVICE/Target/usbd_conf.c.obj
                0x0800d5ec                HAL_PCD_DisconnectCallback
 .text.USBD_LL_Init
                0x0800d5f8       0x68 CMakeFiles/F411Oscilloscope.elf.dir/USB_DEVICE/Target/usbd_conf.c.obj
                0x0800d5f8                USBD_LL_Init
 .text.USBD_LL_IsStallEP
                0x0800d660       0x2e CMakeFiles/F411Oscilloscope.elf.dir/USB_DEVICE/Target/usbd_conf.c.obj
                0x0800d660                USBD_LL_IsStallEP
 .text.USBD_LL_GetRxDataSize
                0x0800d68e        0xc CMakeFiles/F411Oscilloscope.elf.dir/USB_DEVICE/Target/usbd_conf.c.obj
                0x0800d68e                USBD_LL_GetRxDataSize
 *fill*         0x0800d69a        0x2 
 .text.USBD_static_malloc
                0x0800d69c        0x8 CMakeFiles/F411Oscilloscope.elf.dir/USB_DEVICE/Target/usbd_conf.c.obj
                0x0800d69c                USBD_static_malloc
 .text.USBD_static_free
                0x0800d6a4        0x2 CMakeFiles/F411Oscilloscope.elf.dir/USB_DEVICE/Target/usbd_conf.c.obj
                0x0800d6a4                USBD_static_free
 .text.USBD_Get_USB_Status
                0x0800d6a6       0x14 CMakeFiles/F411Oscilloscope.elf.dir/USB_DEVICE/Target/usbd_conf.c.obj
                0x0800d6a6                USBD_Get_USB_Status
 .text.USBD_LL_Start
                0x0800d6ba       0x10 CMakeFiles/F411Oscilloscope.elf.dir/USB_DEVICE/Target/usbd_conf.c.obj
                0x0800d6ba                USBD_LL_Start
 .text.USBD_LL_OpenEP
                0x0800d6ca       0x16 CMakeFiles/F411Oscilloscope.elf.dir/USB_DEVICE/Target/usbd_conf.c.obj
                0x0800d6ca                USBD_LL_OpenEP
 .text.USBD_LL_CloseEP
                0x0800d6e0       0x10 CMakeFiles/F411Oscilloscope.elf.dir/USB_DEVICE/Target/usbd_conf.c.obj
                0x0800d6e0                USBD_LL_CloseEP
 .text.USBD_LL_StallEP
                0x0800d6f0       0x10 CMakeFiles/F411Oscilloscope.elf.dir/USB_DEVICE/Target/usbd_conf.c.obj
                0x0800d6f0                USBD_LL_StallEP
 .text.USBD_LL_ClearStallEP
                0x0800d700       0x10 CMakeFiles/F411Oscilloscope.elf.dir/USB_DEVICE/Target/usbd_conf.c.obj
                0x0800d700                USBD_LL_ClearStallEP
 .text.USBD_LL_SetUSBAddress
                0x0800d710       0x10 CMakeFiles/F411Oscilloscope.elf.dir/USB_DEVICE/Target/usbd_conf.c.obj
                0x0800d710                USBD_LL_SetUSBAddress
 .text.USBD_LL_Transmit
                0x0800d720       0x10 CMakeFiles/F411Oscilloscope.elf.dir/USB_DEVICE/Target/usbd_conf.c.obj
                0x0800d720                USBD_LL_Transmit
 .text.USBD_LL_PrepareReceive
                0x0800d730       0x10 CMakeFiles/F411Oscilloscope.elf.dir/USB_DEVICE/Target/usbd_conf.c.obj
                0x0800d730                USBD_LL_PrepareReceive
 .text.__aeabi_atexit
                0x0800d740        0xc e:/armgnu/10 2021.10/bin/../lib/gcc/arm-none-eabi/10.3.1/../../../../arm-none-eabi/lib/thumb/v7e-m+fp/hard\libstdc++.a(atexit_arm.o)
                0x0800d740                __aeabi_atexit
 .text._Znaj    0x0800d74c        0x4 e:/armgnu/10 2021.10/bin/../lib/gcc/arm-none-eabi/10.3.1/../../../../arm-none-eabi/lib/thumb/v7e-m+fp/hard\libstdc++.a(new_opv.o)
                0x0800d74c                operator new[](unsigned int)
 .text._Znwj    0x0800d750       0x3c e:/armgnu/10 2021.10/bin/../lib/gcc/arm-none-eabi/10.3.1/../../../../arm-none-eabi/lib/thumb/v7e-m+fp/hard\libstdc++.a(new_op.o)
                0x0800d750                operator new(unsigned int)
 .text._ZNKSt9bad_alloc4whatEv
                0x0800d78c        0x8 e:/armgnu/10 2021.10/bin/../lib/gcc/arm-none-eabi/10.3.1/../../../../arm-none-eabi/lib/thumb/v7e-m+fp/hard\libstdc++.a(bad_alloc.o)
                0x0800d78c                std::bad_alloc::what() const
 .text._ZNSt9bad_allocD2Ev
                0x0800d794       0x14 e:/armgnu/10 2021.10/bin/../lib/gcc/arm-none-eabi/10.3.1/../../../../arm-none-eabi/lib/thumb/v7e-m+fp/hard\libstdc++.a(bad_alloc.o)
                0x0800d794                std::bad_alloc::~bad_alloc()
                0x0800d794                std::bad_alloc::~bad_alloc()
 .text._ZNSt9bad_allocD0Ev
                0x0800d7a8       0x1c e:/armgnu/10 2021.10/bin/../lib/gcc/arm-none-eabi/10.3.1/../../../../arm-none-eabi/lib/thumb/v7e-m+fp/hard\libstdc++.a(bad_alloc.o)
                0x0800d7a8                std::bad_alloc::~bad_alloc()
 .text._ZdlPvj  0x0800d7c4        0x4 e:/armgnu/10 2021.10/bin/../lib/gcc/arm-none-eabi/10.3.1/../../../../arm-none-eabi/lib/thumb/v7e-m+fp/hard\libstdc++.a(del_ops.o)
                0x0800d7c4                operator delete(void*, unsigned int)
 .text._ZN12_GLOBAL__N_14pool4freeEPv.constprop.0
                0x0800d7c8       0x88 e:/armgnu/10 2021.10/bin/../lib/gcc/arm-none-eabi/10.3.1/../../../../arm-none-eabi/lib/thumb/v7e-m+fp/hard\libstdc++.a(eh_alloc.o)
 .text._ZN12_GLOBAL__N_14pool8allocateEj.constprop.0
                0x0800d850       0x58 e:/armgnu/10 2021.10/bin/../lib/gcc/arm-none-eabi/10.3.1/../../../../arm-none-eabi/lib/thumb/v7e-m+fp/hard\libstdc++.a(eh_alloc.o)
 .text.__cxa_allocate_exception
                0x0800d8a8       0x30 e:/armgnu/10 2021.10/bin/../lib/gcc/arm-none-eabi/10.3.1/../../../../arm-none-eabi/lib/thumb/v7e-m+fp/hard\libstdc++.a(eh_alloc.o)
                0x0800d8a8                __cxa_allocate_exception
 .text.__cxa_free_exception
                0x0800d8d8       0x20 e:/armgnu/10 2021.10/bin/../lib/gcc/arm-none-eabi/10.3.1/../../../../arm-none-eabi/lib/thumb/v7e-m+fp/hard\libstdc++.a(eh_alloc.o)
                0x0800d8d8                __cxa_free_exception
 .text.startup._GLOBAL__sub_I__ZN9__gnu_cxx9__freeresEv
                0x0800d8f8       0x28 e:/armgnu/10 2021.10/bin/../lib/gcc/arm-none-eabi/10.3.1/../../../../arm-none-eabi/lib/thumb/v7e-m+fp/hard\libstdc++.a(eh_alloc.o)
 .text._ZNSt9exceptionD2Ev
                0x0800d920        0x4 e:/armgnu/10 2021.10/bin/../lib/gcc/arm-none-eabi/10.3.1/../../../../arm-none-eabi/lib/thumb/v7e-m+fp/hard\libstdc++.a(eh_exception.o)
                0x0800d920                std::exception::~exception()
                0x0800d920                std::exception::~exception()
 .text._ZNSt13bad_exceptionD2Ev
                0x0800d924        0x4 e:/armgnu/10 2021.10/bin/../lib/gcc/arm-none-eabi/10.3.1/../../../../arm-none-eabi/lib/thumb/v7e-m+fp/hard\libstdc++.a(eh_exception.o)
                0x0800d924                std::bad_exception::~bad_exception()
                0x0800d924                std::bad_exception::~bad_exception()
 .text._ZNKSt13bad_exception4whatEv
                0x0800d928        0x8 e:/armgnu/10 2021.10/bin/../lib/gcc/arm-none-eabi/10.3.1/../../../../arm-none-eabi/lib/thumb/v7e-m+fp/hard\libstdc++.a(eh_exception.o)
                0x0800d928                std::bad_exception::what() const
                0x0800d928                transaction clone for std::bad_exception::what() const
 .text._ZNSt13bad_exceptionD0Ev
                0x0800d930       0x10 e:/armgnu/10 2021.10/bin/../lib/gcc/arm-none-eabi/10.3.1/../../../../arm-none-eabi/lib/thumb/v7e-m+fp/hard\libstdc++.a(eh_exception.o)
                0x0800d930                std::bad_exception::~bad_exception()
 .text._ZN10__cxxabiv111__terminateEPFvvE
                0x0800d940       0x28 e:/armgnu/10 2021.10/bin/../lib/gcc/arm-none-eabi/10.3.1/../../../../arm-none-eabi/lib/thumb/v7e-m+fp/hard\libstdc++.a(eh_terminate.o)
                0x0800d940                __cxxabiv1::__terminate(void (*)())
 .text._ZSt9terminatev
                0x0800d968       0x14 e:/armgnu/10 2021.10/bin/../lib/gcc/arm-none-eabi/10.3.1/../../../../arm-none-eabi/lib/thumb/v7e-m+fp/hard\libstdc++.a(eh_terminate.o)
                0x0800d968                std::terminate()
 .text._ZN10__cxxabiv112__unexpectedEPFvvE
                0x0800d97c        0x8 e:/armgnu/10 2021.10/bin/../lib/gcc/arm-none-eabi/10.3.1/../../../../arm-none-eabi/lib/thumb/v7e-m+fp/hard\libstdc++.a(eh_terminate.o)
                0x0800d97c                __cxxabiv1::__unexpected(void (*)())
 .text._ZSt10unexpectedv
                0x0800d984       0x14 e:/armgnu/10 2021.10/bin/../lib/gcc/arm-none-eabi/10.3.1/../../../../arm-none-eabi/lib/thumb/v7e-m+fp/hard\libstdc++.a(eh_terminate.o)
                0x0800d984                std::unexpected()
 .text._ZSt13get_terminatev
                0x0800d998       0x10 e:/armgnu/10 2021.10/bin/../lib/gcc/arm-none-eabi/10.3.1/../../../../arm-none-eabi/lib/thumb/v7e-m+fp/hard\libstdc++.a(eh_terminate.o)
                0x0800d998                std::get_terminate()
 .text._ZSt14get_unexpectedv
                0x0800d9a8       0x10 e:/armgnu/10 2021.10/bin/../lib/gcc/arm-none-eabi/10.3.1/../../../../arm-none-eabi/lib/thumb/v7e-m+fp/hard\libstdc++.a(eh_terminate.o)
                0x0800d9a8                std::get_unexpected()
 .text._ZL23__gxx_exception_cleanup19_Unwind_Reason_CodeP21_Unwind_Control_Block
                0x0800d9b8       0x4c e:/armgnu/10 2021.10/bin/../lib/gcc/arm-none-eabi/10.3.1/../../../../arm-none-eabi/lib/thumb/v7e-m+fp/hard\libstdc++.a(eh_throw.o)
 .text.__cxa_init_primary_exception
                0x0800da04       0x58 e:/armgnu/10 2021.10/bin/../lib/gcc/arm-none-eabi/10.3.1/../../../../arm-none-eabi/lib/thumb/v7e-m+fp/hard\libstdc++.a(eh_throw.o)
                0x0800da04                __cxa_init_primary_exception
 .text.__cxa_throw
                0x0800da5c       0x38 e:/armgnu/10 2021.10/bin/../lib/gcc/arm-none-eabi/10.3.1/../../../../arm-none-eabi/lib/thumb/v7e-m+fp/hard\libstdc++.a(eh_throw.o)
                0x0800da5c                __cxa_throw
 .text.__cxa_rethrow
                0x0800da94       0x70 e:/armgnu/10 2021.10/bin/../lib/gcc/arm-none-eabi/10.3.1/../../../../arm-none-eabi/lib/thumb/v7e-m+fp/hard\libstdc++.a(eh_throw.o)
                0x0800da94                __cxa_rethrow
 .text._ZSt15get_new_handlerv
                0x0800db04       0x10 e:/armgnu/10 2021.10/bin/../lib/gcc/arm-none-eabi/10.3.1/../../../../arm-none-eabi/lib/thumb/v7e-m+fp/hard\libstdc++.a(new_handler.o)
                0x0800db04                std::get_new_handler()
 .text._ZN10__cxxabiv120__si_class_type_infoD2Ev
                0x0800db14       0x14 e:/armgnu/10 2021.10/bin/../lib/gcc/arm-none-eabi/10.3.1/../../../../arm-none-eabi/lib/thumb/v7e-m+fp/hard\libstdc++.a(si_class_type_info.o)
                0x0800db14                __cxxabiv1::__si_class_type_info::~__si_class_type_info()
                0x0800db14                __cxxabiv1::__si_class_type_info::~__si_class_type_info()
 .text._ZN10__cxxabiv120__si_class_type_infoD0Ev
                0x0800db28       0x1c e:/armgnu/10 2021.10/bin/../lib/gcc/arm-none-eabi/10.3.1/../../../../arm-none-eabi/lib/thumb/v7e-m+fp/hard\libstdc++.a(si_class_type_info.o)
                0x0800db28                __cxxabiv1::__si_class_type_info::~__si_class_type_info()
 .text._ZNK10__cxxabiv120__si_class_type_info20__do_find_public_srcEiPKvPKNS_17__class_type_infoES2_
                0x0800db44       0x3c e:/armgnu/10 2021.10/bin/../lib/gcc/arm-none-eabi/10.3.1/../../../../arm-none-eabi/lib/thumb/v7e-m+fp/hard\libstdc++.a(si_class_type_info.o)
                0x0800db44                __cxxabiv1::__si_class_type_info::__do_find_public_src(int, void const*, __cxxabiv1::__class_type_info const*, void const*) const
 .text._ZNK10__cxxabiv120__si_class_type_info12__do_dyncastEiNS_17__class_type_info10__sub_kindEPKS1_PKvS4_S6_RNS1_16__dyncast_resultE
                0x0800db80       0x80 e:/armgnu/10 2021.10/bin/../lib/gcc/arm-none-eabi/10.3.1/../../../../arm-none-eabi/lib/thumb/v7e-m+fp/hard\libstdc++.a(si_class_type_info.o)
                0x0800db80                __cxxabiv1::__si_class_type_info::__do_dyncast(int, __cxxabiv1::__class_type_info::__sub_kind, __cxxabiv1::__class_type_info const*, void const*, __cxxabiv1::__class_type_info const*, void const*, __cxxabiv1::__class_type_info::__dyncast_result&) const
 .text._ZNK10__cxxabiv120__si_class_type_info11__do_upcastEPKNS_17__class_type_infoEPKvRNS1_15__upcast_resultE
                0x0800dc00       0x2c e:/armgnu/10 2021.10/bin/../lib/gcc/arm-none-eabi/10.3.1/../../../../arm-none-eabi/lib/thumb/v7e-m+fp/hard\libstdc++.a(si_class_type_info.o)
                0x0800dc00                __cxxabiv1::__si_class_type_info::__do_upcast(__cxxabiv1::__class_type_info const*, void const*, __cxxabiv1::__class_type_info::__upcast_result&) const
 .text._ZNSt9type_infoD2Ev
                0x0800dc2c        0x4 e:/armgnu/10 2021.10/bin/../lib/gcc/arm-none-eabi/10.3.1/../../../../arm-none-eabi/lib/thumb/v7e-m+fp/hard\libstdc++.a(tinfo.o)
                0x0800dc2c                std::type_info::~type_info()
                0x0800dc2c                std::type_info::~type_info()
 .text._ZNKSt9type_info14__is_pointer_pEv
                0x0800dc30        0x4 e:/armgnu/10 2021.10/bin/../lib/gcc/arm-none-eabi/10.3.1/../../../../arm-none-eabi/lib/thumb/v7e-m+fp/hard\libstdc++.a(tinfo.o)
                0x0800dc30                std::type_info::__is_pointer_p() const
                0x0800dc30                std::type_info::__is_function_p() const
 .text._ZNKSt9type_infoeqERKS_
                0x0800dc34       0x2c e:/armgnu/10 2021.10/bin/../lib/gcc/arm-none-eabi/10.3.1/../../../../arm-none-eabi/lib/thumb/v7e-m+fp/hard\libstdc++.a(tinfo.o)
                0x0800dc34                std::type_info::operator==(std::type_info const&) const
 .text._ZN9__gnu_cxx27__verbose_terminate_handlerEv
                0x0800dc60      0x10c e:/armgnu/10 2021.10/bin/../lib/gcc/arm-none-eabi/10.3.1/../../../../arm-none-eabi/lib/thumb/v7e-m+fp/hard\libstdc++.a(vterminate.o)
                0x0800dc60                __gnu_cxx::__verbose_terminate_handler()
 .text._ZNK10__cxxabiv117__class_type_info11__do_upcastEPKS0_PPv
                0x0800dd6c       0x34 e:/armgnu/10 2021.10/bin/../lib/gcc/arm-none-eabi/10.3.1/../../../../arm-none-eabi/lib/thumb/v7e-m+fp/hard\libstdc++.a(class_type_info.o)
                0x0800dd6c                __cxxabiv1::__class_type_info::__do_upcast(__cxxabiv1::__class_type_info const*, void**) const
 .text._ZNK10__cxxabiv117__class_type_info20__do_find_public_srcEiPKvPKS0_S2_
                0x0800dda0        0xc e:/armgnu/10 2021.10/bin/../lib/gcc/arm-none-eabi/10.3.1/../../../../arm-none-eabi/lib/thumb/v7e-m+fp/hard\libstdc++.a(class_type_info.o)
                0x0800dda0                __cxxabiv1::__class_type_info::__do_find_public_src(int, void const*, __cxxabiv1::__class_type_info const*, void const*) const
 .text._ZN10__cxxabiv117__class_type_infoD2Ev
                0x0800ddac       0x14 e:/armgnu/10 2021.10/bin/../lib/gcc/arm-none-eabi/10.3.1/../../../../arm-none-eabi/lib/thumb/v7e-m+fp/hard\libstdc++.a(class_type_info.o)
                0x0800ddac                __cxxabiv1::__class_type_info::~__class_type_info()
                0x0800ddac                __cxxabiv1::__class_type_info::~__class_type_info()
 .text._ZN10__cxxabiv117__class_type_infoD0Ev
                0x0800ddc0       0x1c e:/armgnu/10 2021.10/bin/../lib/gcc/arm-none-eabi/10.3.1/../../../../arm-none-eabi/lib/thumb/v7e-m+fp/hard\libstdc++.a(class_type_info.o)
                0x0800ddc0                __cxxabiv1::__class_type_info::~__class_type_info()
 .text._ZNK10__cxxabiv117__class_type_info12__do_dyncastEiNS0_10__sub_kindEPKS0_PKvS3_S5_RNS0_16__dyncast_resultE
                0x0800dddc       0x44 e:/armgnu/10 2021.10/bin/../lib/gcc/arm-none-eabi/10.3.1/../../../../arm-none-eabi/lib/thumb/v7e-m+fp/hard\libstdc++.a(class_type_info.o)
                0x0800dddc                __cxxabiv1::__class_type_info::__do_dyncast(int, __cxxabiv1::__class_type_info::__sub_kind, __cxxabiv1::__class_type_info const*, void const*, __cxxabiv1::__class_type_info const*, void const*, __cxxabiv1::__class_type_info::__dyncast_result&) const
 .text._ZNK10__cxxabiv117__class_type_info11__do_upcastEPKS0_PKvRNS0_15__upcast_resultE
                0x0800de20       0x1c e:/armgnu/10 2021.10/bin/../lib/gcc/arm-none-eabi/10.3.1/../../../../arm-none-eabi/lib/thumb/v7e-m+fp/hard\libstdc++.a(class_type_info.o)
                0x0800de20                __cxxabiv1::__class_type_info::__do_upcast(__cxxabiv1::__class_type_info const*, void const*, __cxxabiv1::__class_type_info::__upcast_result&) const
 .text._ZNK10__cxxabiv117__class_type_info10__do_catchEPKSt9type_infoPPvj
                0x0800de3c       0x2c e:/armgnu/10 2021.10/bin/../lib/gcc/arm-none-eabi/10.3.1/../../../../arm-none-eabi/lib/thumb/v7e-m+fp/hard\libstdc++.a(class_type_info.o)
                0x0800de3c                __cxxabiv1::__class_type_info::__do_catch(std::type_info const*, void**, unsigned int) const
 .text._ZdlPv   0x0800de68        0x4 e:/armgnu/10 2021.10/bin/../lib/gcc/arm-none-eabi/10.3.1/../../../../arm-none-eabi/lib/thumb/v7e-m+fp/hard\libstdc++.a(del_op.o)
                0x0800de68                operator delete(void*)
 .text.__cxa_end_cleanup
                0x0800de6c        0xc e:/armgnu/10 2021.10/bin/../lib/gcc/arm-none-eabi/10.3.1/../../../../arm-none-eabi/lib/thumb/v7e-m+fp/hard\libstdc++.a(eh_arm.o)
                0x0800de6c                __cxa_end_cleanup
 .text.__cxa_type_match
                0x0800de78       0xb4 e:/armgnu/10 2021.10/bin/../lib/gcc/arm-none-eabi/10.3.1/../../../../arm-none-eabi/lib/thumb/v7e-m+fp/hard\libstdc++.a(eh_arm.o)
                0x0800de78                __cxa_type_match
 .text.__cxa_begin_cleanup
                0x0800df2c       0x64 e:/armgnu/10 2021.10/bin/../lib/gcc/arm-none-eabi/10.3.1/../../../../arm-none-eabi/lib/thumb/v7e-m+fp/hard\libstdc++.a(eh_arm.o)
                0x0800df2c                __cxa_begin_cleanup
 .text.__gnu_end_cleanup
                0x0800df90       0x70 e:/armgnu/10 2021.10/bin/../lib/gcc/arm-none-eabi/10.3.1/../../../../arm-none-eabi/lib/thumb/v7e-m+fp/hard\libstdc++.a(eh_arm.o)
                0x0800df90                __gnu_end_cleanup
 .text._ZN10__cxxabiv1L24__is_gxx_exception_classEPc
                0x0800e000       0x3c e:/armgnu/10 2021.10/bin/../lib/gcc/arm-none-eabi/10.3.1/../../../../arm-none-eabi/lib/thumb/v7e-m+fp/hard\libstdc++.a(eh_call.o)
 .text.__cxa_call_terminate
                0x0800e03c       0x20 e:/armgnu/10 2021.10/bin/../lib/gcc/arm-none-eabi/10.3.1/../../../../arm-none-eabi/lib/thumb/v7e-m+fp/hard\libstdc++.a(eh_call.o)
                0x0800e03c                __cxa_call_terminate
 .text.unlikely.__cxa_call_unexpected
                0x0800e05c       0xe4 e:/armgnu/10 2021.10/bin/../lib/gcc/arm-none-eabi/10.3.1/../../../../arm-none-eabi/lib/thumb/v7e-m+fp/hard\libstdc++.a(eh_call.o)
                0x0800e05c                __cxa_call_unexpected
 .text.__cxa_begin_catch
                0x0800e140       0x7c e:/armgnu/10 2021.10/bin/../lib/gcc/arm-none-eabi/10.3.1/../../../../arm-none-eabi/lib/thumb/v7e-m+fp/hard\libstdc++.a(eh_catch.o)
                0x0800e140                __cxa_begin_catch
 .text.__cxa_end_catch
                0x0800e1bc       0x8c e:/armgnu/10 2021.10/bin/../lib/gcc/arm-none-eabi/10.3.1/../../../../arm-none-eabi/lib/thumb/v7e-m+fp/hard\libstdc++.a(eh_catch.o)
                0x0800e1bc                __cxa_end_catch
 .text.__cxa_get_globals_fast
                0x0800e248        0x8 e:/armgnu/10 2021.10/bin/../lib/gcc/arm-none-eabi/10.3.1/../../../../arm-none-eabi/lib/thumb/v7e-m+fp/hard\libstdc++.a(eh_globals.o)
                0x0800e248                __cxa_get_globals_fast
 .text.__cxa_get_globals
                0x0800e250        0x8 e:/armgnu/10 2021.10/bin/../lib/gcc/arm-none-eabi/10.3.1/../../../../arm-none-eabi/lib/thumb/v7e-m+fp/hard\libstdc++.a(eh_globals.o)
                0x0800e250                __cxa_get_globals
 .text._ZL28read_encoded_value_with_basehjPKhPj
                0x0800e258       0xc0 e:/armgnu/10 2021.10/bin/../lib/gcc/arm-none-eabi/10.3.1/../../../../arm-none-eabi/lib/thumb/v7e-m+fp/hard\libstdc++.a(eh_personality.o)
 .text._ZL21base_of_encoded_valuehP15_Unwind_Context
                0x0800e318       0x50 e:/armgnu/10 2021.10/bin/../lib/gcc/arm-none-eabi/10.3.1/../../../../arm-none-eabi/lib/thumb/v7e-m+fp/hard\libstdc++.a(eh_personality.o)
 .text._ZL17parse_lsda_headerP15_Unwind_ContextPKhP16lsda_header_info
                0x0800e368       0x94 e:/armgnu/10 2021.10/bin/../lib/gcc/arm-none-eabi/10.3.1/../../../../arm-none-eabi/lib/thumb/v7e-m+fp/hard\libstdc++.a(eh_personality.o)
 .text.__gxx_personality_v0
                0x0800e3fc      0x4a8 e:/armgnu/10 2021.10/bin/../lib/gcc/arm-none-eabi/10.3.1/../../../../arm-none-eabi/lib/thumb/v7e-m+fp/hard\libstdc++.a(eh_personality.o)
                0x0800e3fc                __gxx_personality_v0
 .text.__cxa_current_exception_type
                0x0800e8a4       0x1c e:/armgnu/10 2021.10/bin/../lib/gcc/arm-none-eabi/10.3.1/../../../../arm-none-eabi/lib/thumb/v7e-m+fp/hard\libstdc++.a(eh_type.o)
                0x0800e8a4                __cxa_current_exception_type
 .text.unlikely
                0x0800e8c0        0xc e:/armgnu/10 2021.10/bin/../lib/gcc/arm-none-eabi/10.3.1/thumb/v7e-m+fp/hard\libgcc.a(pr-support.o)
                0x0800e8c0                _Unwind_GetDataRelBase
                0x0800e8c6                _Unwind_GetTextRelBase
 .text.abort    0x0800e8cc       0x10 e:/armgnu/10 2021.10/bin/../lib/gcc/arm-none-eabi/10.3.1/../../../../arm-none-eabi/lib/thumb/v7e-m+fp/hard\libg.a(lib_a-abort.o)
                0x0800e8cc                abort
 .text.atoi     0x0800e8dc        0x8 e:/armgnu/10 2021.10/bin/../lib/gcc/arm-none-eabi/10.3.1/../../../../arm-none-eabi/lib/thumb/v7e-m+fp/hard\libg.a(lib_a-atoi.o)
                0x0800e8dc                atoi
 .text.__cxa_atexit
                0x0800e8e4        0xc e:/armgnu/10 2021.10/bin/../lib/gcc/arm-none-eabi/10.3.1/../../../../arm-none-eabi/lib/thumb/v7e-m+fp/hard\libg.a(lib_a-cxa_atexit.o)
                0x0800e8e4                __cxa_atexit
 .text.__errno  0x0800e8f0        0xc e:/armgnu/10 2021.10/bin/../lib/gcc/arm-none-eabi/10.3.1/../../../../arm-none-eabi/lib/thumb/v7e-m+fp/hard\libg.a(lib_a-errno.o)
                0x0800e8f0                __errno
 .text.fputc    0x0800e8fc       0x64 e:/armgnu/10 2021.10/bin/../lib/gcc/arm-none-eabi/10.3.1/../../../../arm-none-eabi/lib/thumb/v7e-m+fp/hard\libg.a(lib_a-fputc.o)
                0x0800e8fc                fputc
 .text._fputs_r
                0x0800e960       0x88 e:/armgnu/10 2021.10/bin/../lib/gcc/arm-none-eabi/10.3.1/../../../../arm-none-eabi/lib/thumb/v7e-m+fp/hard\libg.a(lib_a-fputs.o)
                0x0800e960                _fputs_r
 .text.fputs    0x0800e9e8       0x18 e:/armgnu/10 2021.10/bin/../lib/gcc/arm-none-eabi/10.3.1/../../../../arm-none-eabi/lib/thumb/v7e-m+fp/hard\libg.a(lib_a-fputs.o)
                0x0800e9e8                fputs
 .text.__sfvwrite_r
                0x0800ea00      0x2f0 e:/armgnu/10 2021.10/bin/../lib/gcc/arm-none-eabi/10.3.1/../../../../arm-none-eabi/lib/thumb/v7e-m+fp/hard\libg.a(lib_a-fvwrite.o)
                0x0800ea00                __sfvwrite_r
 .text._fwrite_r
                0x0800ecf0       0xa8 e:/armgnu/10 2021.10/bin/../lib/gcc/arm-none-eabi/10.3.1/../../../../arm-none-eabi/lib/thumb/v7e-m+fp/hard\libg.a(lib_a-fwrite.o)
                0x0800ecf0                _fwrite_r
 .text.fwrite   0x0800ed98       0x20 e:/armgnu/10 2021.10/bin/../lib/gcc/arm-none-eabi/10.3.1/../../../../arm-none-eabi/lib/thumb/v7e-m+fp/hard\libg.a(lib_a-fwrite.o)
                0x0800ed98                fwrite
 .text.__libc_init_array
                0x0800edb8       0x48 e:/armgnu/10 2021.10/bin/../lib/gcc/arm-none-eabi/10.3.1/../../../../arm-none-eabi/lib/thumb/v7e-m+fp/hard\libg.a(lib_a-init.o)
                0x0800edb8                __libc_init_array
 .text.__retarget_lock_init_recursive
                0x0800ee00        0x4 e:/armgnu/10 2021.10/bin/../lib/gcc/arm-none-eabi/10.3.1/../../../../arm-none-eabi/lib/thumb/v7e-m+fp/hard\libg.a(lib_a-lock.o)
                0x0800ee00                __retarget_lock_init_recursive
 .text.__retarget_lock_close_recursive
                0x0800ee04        0x4 e:/armgnu/10 2021.10/bin/../lib/gcc/arm-none-eabi/10.3.1/../../../../arm-none-eabi/lib/thumb/v7e-m+fp/hard\libg.a(lib_a-lock.o)
                0x0800ee04                __retarget_lock_close_recursive
 .text.__retarget_lock_acquire_recursive